Component: ARM Compiler 5.06 update 6 (build 750) Tool: armlink [4d35ed]

==============================================================================

Section Cross References

    startup_stm32f40xx.o(RESET) refers to startup_stm32f40xx.o(STACK) for __initial_sp
    startup_stm32f40xx.o(RESET) refers to startup_stm32f40xx.o(.text) for Reset_Handler
    startup_stm32f40xx.o(RESET) refers to stm32f4xx_it.o(i.NMI_Handler) for NMI_Handler
    startup_stm32f40xx.o(RESET) refers to stm32f4xx_it.o(i.HardFault_Handler) for HardFault_Handler
    startup_stm32f40xx.o(RESET) refers to stm32f4xx_it.o(i.MemManage_Handler) for MemManage_Handler
    startup_stm32f40xx.o(RESET) refers to stm32f4xx_it.o(i.BusFault_Handler) for BusFault_Handler
    startup_stm32f40xx.o(RESET) refers to stm32f4xx_it.o(i.UsageFault_Handler) for UsageFault_Handler
    startup_stm32f40xx.o(RESET) refers to port.o(.emb_text) for SVC_Handler
    startup_stm32f40xx.o(RESET) refers to stm32f4xx_it.o(i.DebugMon_Handler) for DebugMon_Handler
    startup_stm32f40xx.o(RESET) refers to stm32f4xx_it.o(i.SysTick_Handler) for SysTick_Handler
    startup_stm32f40xx.o(RESET) refers to stm32f4xx_it.o(i.EXTI0_IRQHandler) for EXTI0_IRQHandler
    startup_stm32f40xx.o(RESET) refers to stm32f4xx_it.o(i.EXTI1_IRQHandler) for EXTI1_IRQHandler
    startup_stm32f40xx.o(RESET) refers to stm32f4xx_it.o(i.EXTI4_IRQHandler) for EXTI4_IRQHandler
    startup_stm32f40xx.o(RESET) refers to stm32f4xx_it.o(i.CAN1_RX0_IRQHandler) for CAN1_RX0_IRQHandler
    startup_stm32f40xx.o(RESET) refers to stm32f4xx_it.o(i.EXTI9_5_IRQHandler) for EXTI9_5_IRQHandler
    startup_stm32f40xx.o(RESET) refers to stm32f4xx_it.o(i.TIM2_IRQHandler) for TIM2_IRQHandler
    startup_stm32f40xx.o(RESET) refers to stm32f4xx_it.o(i.SPI2_IRQHandler) for SPI2_IRQHandler
    startup_stm32f40xx.o(RESET) refers to stm32f4xx_it.o(i.USART2_IRQHandler) for USART2_IRQHandler
    startup_stm32f40xx.o(RESET) refers to stm32f4xx_it.o(i.TIM7_IRQHandler) for TIM7_IRQHandler
    startup_stm32f40xx.o(.text) refers to system_stm32f4xx.o(i.SystemInit) for SystemInit
    startup_stm32f40xx.o(.text) refers to entry.o(.ARM.Collect$$$$00000000) for __main
    system_stm32f4xx.o(i.SystemCoreClockUpdate) refers to system_stm32f4xx.o(.data) for SystemCoreClock
    system_stm32f4xx.o(i.SystemInit) refers to system_stm32f4xx.o(i.SetSysClock) for SetSysClock
    stm32f4xx_adc.o(i.ADC_DeInit) refers to stm32f4xx_rcc.o(i.RCC_APB2PeriphResetCmd) for RCC_APB2PeriphResetCmd
    stm32f4xx_can.o(i.CAN_DeInit) refers to stm32f4xx_rcc.o(i.RCC_APB1PeriphResetCmd) for RCC_APB1PeriphResetCmd
    stm32f4xx_can.o(i.CAN_GetITStatus) refers to stm32f4xx_can.o(i.CheckITStatus) for CheckITStatus
    stm32f4xx_cryp.o(i.CRYP_DeInit) refers to stm32f4xx_rcc.o(i.RCC_AHB2PeriphResetCmd) for RCC_AHB2PeriphResetCmd
    stm32f4xx_cryp_aes.o(i.CRYP_AES_CBC) refers to stm32f4xx_cryp.o(i.CRYP_KeyStructInit) for CRYP_KeyStructInit
    stm32f4xx_cryp_aes.o(i.CRYP_AES_CBC) refers to stm32f4xx_cryp.o(i.CRYP_FIFOFlush) for CRYP_FIFOFlush
    stm32f4xx_cryp_aes.o(i.CRYP_AES_CBC) refers to stm32f4xx_cryp.o(i.CRYP_Init) for CRYP_Init
    stm32f4xx_cryp_aes.o(i.CRYP_AES_CBC) refers to stm32f4xx_cryp.o(i.CRYP_KeyInit) for CRYP_KeyInit
    stm32f4xx_cryp_aes.o(i.CRYP_AES_CBC) refers to stm32f4xx_cryp.o(i.CRYP_Cmd) for CRYP_Cmd
    stm32f4xx_cryp_aes.o(i.CRYP_AES_CBC) refers to stm32f4xx_cryp.o(i.CRYP_GetFlagStatus) for CRYP_GetFlagStatus
    stm32f4xx_cryp_aes.o(i.CRYP_AES_CBC) refers to stm32f4xx_cryp.o(i.CRYP_IVInit) for CRYP_IVInit
    stm32f4xx_cryp_aes.o(i.CRYP_AES_CBC) refers to stm32f4xx_cryp.o(i.CRYP_GetCmdStatus) for CRYP_GetCmdStatus
    stm32f4xx_cryp_aes.o(i.CRYP_AES_CBC) refers to stm32f4xx_cryp.o(i.CRYP_DataIn) for CRYP_DataIn
    stm32f4xx_cryp_aes.o(i.CRYP_AES_CBC) refers to stm32f4xx_cryp.o(i.CRYP_DataOut) for CRYP_DataOut
    stm32f4xx_cryp_aes.o(i.CRYP_AES_CCM) refers to stm32f4xx_cryp.o(i.CRYP_KeyStructInit) for CRYP_KeyStructInit
    stm32f4xx_cryp_aes.o(i.CRYP_AES_CCM) refers to stm32f4xx_cryp.o(i.CRYP_FIFOFlush) for CRYP_FIFOFlush
    stm32f4xx_cryp_aes.o(i.CRYP_AES_CCM) refers to stm32f4xx_cryp.o(i.CRYP_KeyInit) for CRYP_KeyInit
    stm32f4xx_cryp_aes.o(i.CRYP_AES_CCM) refers to stm32f4xx_cryp.o(i.CRYP_IVInit) for CRYP_IVInit
    stm32f4xx_cryp_aes.o(i.CRYP_AES_CCM) refers to stm32f4xx_cryp.o(i.CRYP_Init) for CRYP_Init
    stm32f4xx_cryp_aes.o(i.CRYP_AES_CCM) refers to stm32f4xx_cryp.o(i.CRYP_PhaseConfig) for CRYP_PhaseConfig
    stm32f4xx_cryp_aes.o(i.CRYP_AES_CCM) refers to stm32f4xx_cryp.o(i.CRYP_DataIn) for CRYP_DataIn
    stm32f4xx_cryp_aes.o(i.CRYP_AES_CCM) refers to stm32f4xx_cryp.o(i.CRYP_Cmd) for CRYP_Cmd
    stm32f4xx_cryp_aes.o(i.CRYP_AES_CCM) refers to stm32f4xx_cryp.o(i.CRYP_GetCmdStatus) for CRYP_GetCmdStatus
    stm32f4xx_cryp_aes.o(i.CRYP_AES_CCM) refers to stm32f4xx_cryp.o(i.CRYP_GetFlagStatus) for CRYP_GetFlagStatus
    stm32f4xx_cryp_aes.o(i.CRYP_AES_CCM) refers to stm32f4xx_cryp.o(i.CRYP_DataOut) for CRYP_DataOut
[...]
    __aeabi_memclr                           0x0800036b   Thumb Code     4  memseta.o(.text)
    __aeabi_memclr4                          0x0800036b   Thumb Code     0  memseta.o(.text)
    __aeabi_memclr8                          0x0800036b   Thumb Code     0  memseta.o(.text)
    _memset$wrapper                          0x0800036f   Thumb Code    18  memseta.o(.text)
    __aeabi_dadd                             0x08000381   Thumb Code   322  dadd.o(.text)
    __aeabi_dsub                             0x080004c3   Thumb Code     6  dadd.o(.text)
    __aeabi_drsub                            0x080004c9   Thumb Code     6  dadd.o(.text)
    __aeabi_dmul                             0x080004cf   Thumb Code   228  dmul.o(.text)
    __aeabi_ddiv                             0x080005b3   Thumb Code   222  ddiv.o(.text)
    __aeabi_i2d                              0x08000691   Thumb Code    34  dflti.o(.text)
    __aeabi_ui2d                             0x080006b3   Thumb Code    26  dfltui.o(.text)
    __aeabi_f2d                              0x080006cd   Thumb Code    38  f2d.o(.text)
    __aeabi_cdcmpeq                          0x080006f5   Thumb Code     0  cdcmple.o(.text)
    __aeabi_cdcmple                          0x080006f5   Thumb Code    48  cdcmple.o(.text)
    __aeabi_cdrcmple                         0x08000725   Thumb Code    48  cdrcmple.o(.text)
    __aeabi_d2f                              0x08000755   Thumb Code    56  d2f.o(.text)
    __aeabi_uidiv                            0x0800078d   Thumb Code     0  uidiv.o(.text)
    __aeabi_uidivmod                         0x0800078d   Thumb Code    44  uidiv.o(.text)
    __aeabi_uldivmod                         0x080007b9   Thumb Code    98  uldiv.o(.text)
    __aeabi_llsl                             0x0800081b   Thumb Code    30  llshl.o(.text)
    _ll_shift_l                              0x0800081b   Thumb Code     0  llshl.o(.text)
    __aeabi_lasr                             0x08000839   Thumb Code    36  llsshr.o(.text)
    _ll_sshift_r                             0x08000839   Thumb Code     0  llsshr.o(.text)
    __I$use$fp                               0x0800085d   Thumb Code     0  iusefp.o(.text)
    _float_round                             0x0800085d   Thumb Code    18  fepilogue.o(.text)
    _float_epilogue                          0x0800086f   Thumb Code    92  fepilogue.o(.text)
    _double_round                            0x080008cb   Thumb Code    30  depilogue.o(.text)
    _double_epilogue                         0x080008e9   Thumb Code   156  depilogue.o(.text)
    __aeabi_d2ulz                            0x08000985   Thumb Code    48  dfixul.o(.text)
    __scatterload                            0x080009b5   Thumb Code    28  init.o(.text)
    __scatterload_rt2                        0x080009b5   Thumb Code     0  init.o(.text)
    __aeabi_llsr                             0x080009d9   Thumb Code    32  llushr.o(.text)
    _ll_ushift_r                             0x080009d9   Thumb Code     0  llushr.o(.text)
    __decompress                             0x080009f9   Thumb Code     0  __dczerorl2.o(.text)
    __decompress1                            0x080009f9   Thumb Code    86  __dczerorl2.o(.text)
    ADC_Cmd                                  0x08000a4f   Thumb Code    22  stm32f4xx_adc.o(i.ADC_Cmd)
    ADC_CommonInit                           0x08000a65   Thumb Code    34  stm32f4xx_adc.o(i.ADC_CommonInit)
    ADC_DMACmd                               0x08000a95   Thumb Code    22  stm32f4xx_adc.o(i.ADC_DMACmd)
    ADC_Init                                 0x08000aad   Thumb Code    74  stm32f4xx_adc.o(i.ADC_Init)
    ADC_RegularChannelConfig                 0x08000b01   Thumb Code   184  stm32f4xx_adc.o(i.ADC_RegularChannelConfig)
    AI_Mode_Config                           0x08000bb9   Thumb Code    96  canopen.o(i.AI_Mode_Config)
    BusFault_Handler                         0x08000f7d   Thumb Code     4  stm32f4xx_it.o(i.BusFault_Handler)
    CAN1_RX0_IRQHandler                      0x08000f81   Thumb Code   138  stm32f4xx_it.o(i.CAN1_RX0_IRQHandler)
    CAN_FilterInit                           0x08001019   Thumb Code   258  stm32f4xx_can.o(i.CAN_FilterInit)
    CAN_GetITStatus                          0x08001121   Thumb Code   284  stm32f4xx_can.o(i.CAN_GetITStatus)
    CAN_ITConfig                             0x08001241   Thumb Code    18  stm32f4xx_can.o(i.CAN_ITConfig)
    CAN_Init                                 0x08001253   Thumb Code   276  stm32f4xx_can.o(i.CAN_Init)
    CAN_Receive                              0x08001367   Thumb Code   240  stm32f4xx_can.o(i.CAN_Receive)
    CAN_Transmit                             0x08001457   Thumb Code   294  stm32f4xx_can.o(i.CAN_Transmit)
    Calculat_Feedback_Voltage                0x0800157d   Thumb Code    96  delay_feedback.o(i.Calculat_Feedback_Voltage)
    Calculate_fft                            0x080015ed   Thumb Code   154  signal_processing_fft.o(i.Calculate_fft)
    Canopen_Init                             0x0800169d   Thumb Code   258  canopen.o(i.Canopen_Init)
    Change_Feedback_Parameter                0x080017e1   Thumb Code    70  delay_feedback.o(i.Change_Feedback_Parameter)
    Change_Sweep_Parameter                   0x08001831   Thumb Code   274  driver.o(i.Change_Sweep_Parameter)
    Clear_Driver_Encoder_Value               0x08001969   Thumb Code    58  driver.o(i.Clear_Driver_Encoder_Value)
    Clear_Encoder_Value                      0x080019b5   Thumb Code    58  encoder.o(i.Clear_Encoder_Value)
    Config_RPDO2                             0x080019f9   Thumb Code    54  canopen.o(i.Config_RPDO2)
    DAC_Cmd                                  0x08001a35   Thumb Code    34  stm32f4xx_dac.o(i.DAC_Cmd)
    DAC_Init                                 0x08001a5d   Thumb Code    46  stm32f4xx_dac.o(i.DAC_Init)
    DAC_SetChannel1Data                      0x08001a91   Thumb Code    26  stm32f4xx_dac.o(i.DAC_SetChannel1Data)
    DAC_SetChannel2Data                      0x08001ab1   Thumb Code    26  stm32f4xx_dac.o(i.DAC_SetChannel2Data)
    DMA_Cmd                                  0x08001b89   Thumb Code    22  stm32f4xx_dma.o(i.DMA_Cmd)
    DMA_Init                                 0x08001ba1   Thumb Code    82  stm32f4xx_dma.o(i.DMA_Init)
    DebugMon_Handler                         0x08001bf9   Thumb Code     2  stm32f4xx_it.o(i.DebugMon_Handler)
    Disable_Driver                           0x08001bfd   Thumb Code    92  canopen.o(i.Disable_Driver)
    Distance_History_Get                     0x08001c5d   Thumb Code    44  delay_feedback.o(i.Distance_History_Get)
    Distance_History_Update                  0x08001c89   Thumb Code    28  delay_feedback.o(i.Distance_History_Update)
    Driver_Encoder_Start                     0x08001ef1   Thumb Code    12  driver.o(i.Driver_Encoder_Start)
    Driver_Init                              0x0800256d   Thumb Code   182  driver.o(i.Driver_Init)
    Driver_Sinwave_Outout_Start              0x08002639   Thumb Code     6  driver.o(i.Driver_Sinwave_Outout_Start)
    Driver_Switch_CurrentVoltage             0x08002641   Thumb Code   176  driver.o(i.Driver_Switch_CurrentVoltage)
    Driver_Switch_Sinwave                    0x08002705   Thumb Code   350  driver.o(i.Driver_Switch_Sinwave)
    Driver_Switch_TargetDisplacement         0x08002879   Thumb Code   104  driver.o(i.Driver_Switch_TargetDisplacement)
    Driver_TargetDisplacement_0              0x080028f1   Thumb Code    56  driver.o(i.Driver_TargetDisplacement_0)
    Driver_Voltage_Output                    0x08002985   Thumb Code   514  driver.o(i.Driver_Voltage_Output)
    Driver_Voltage_Output_0                  0x08002bc5   Thumb Code    56  driver.o(i.Driver_Voltage_Output_0)
    EXTI0_IRQHandler                         0x08002c7d   Thumb Code    68  stm32f4xx_it.o(i.EXTI0_IRQHandler)
    EXTI1_IRQHandler                         0x08002ccd   Thumb Code    68  stm32f4xx_it.o(i.EXTI1_IRQHandler)
    EXTI4_IRQHandler                         0x08002d1d   Thumb Code    68  stm32f4xx_it.o(i.EXTI4_IRQHandler)
    EXTI9_5_IRQHandler                       0x08002d6d   Thumb Code   382  stm32f4xx_it.o(i.EXTI9_5_IRQHandler)
    EXTI_ClearITPendingBit                   0x08002ef9   Thumb Code     6  stm32f4xx_exti.o(i.EXTI_ClearITPendingBit)
    EXTI_GetITStatus                         0x08002f05   Thumb Code    20  stm32f4xx_exti.o(i.EXTI_GetITStatus)
    EXTI_Init                                0x08002f1d   Thumb Code   142  stm32f4xx_exti.o(i.EXTI_Init)
    Enable_Driver                            0x08002fb1   Thumb Code   128  canopen.o(i.Enable_Driver)
    Encoder_Init                             0x08003325   Thumb Code    16  encoder.o(i.Encoder_Init)
    FFT_Data_Update                          0x0800339d   Thumb Code    38  signal_processing_fft.o(i.FFT_Data_Update)
    FFT_Init                                 0x080033cd   Thumb Code    76  signal_processing_fft.o(i.FFT_Init)
    GPIO_Init                                0x08003449   Thumb Code   144  stm32f4xx_gpio.o(i.GPIO_Init)
    GPIO_PinAFConfig                         0x080034d9   Thumb Code    70  stm32f4xx_gpio.o(i.GPIO_PinAFConfig)
    GPIO_ReadInputDataBit                    0x0800351f   Thumb Code    18  stm32f4xx_gpio.o(i.GPIO_ReadInputDataBit)
    GPIO_ReadOutputDataBit                   0x08003531   Thumb Code    18  stm32f4xx_gpio.o(i.GPIO_ReadOutputDataBit)
    GPIO_ResetBits                           0x08003543   Thumb Code     4  stm32f4xx_gpio.o(i.GPIO_ResetBits)
    GPIO_SetBits                             0x08003547   Thumb Code     4  stm32f4xx_gpio.o(i.GPIO_SetBits)
    GPIO_WriteBit                            0x0800354b   Thumb Code    10  stm32f4xx_gpio.o(i.GPIO_WriteBit)
    Get_Driver_Encoder_Value                 0x08003555   Thumb Code    86  driver.o(i.Get_Driver_Encoder_Value)
    Get_Encoder_Value                        0x080035bd   Thumb Code    72  encoder.o(i.Get_Encoder_Value)
    HardFault_Handler                        0x08003615   Thumb Code     4  stm32f4xx_it.o(i.HardFault_Handler)
    I2C_Send_Byte                            0x08003651   Thumb Code    86  soft_i2c.o(i.I2C_Send_Byte)
    I2C_Software_Init                        0x080036ad   Thumb Code    60  soft_i2c.o(i.I2C_Software_Init)
    I2C_Start                                0x080036ed   Thumb Code    66  soft_i2c.o(i.I2C_Start)
    I2C_Stop                                 0x08003735   Thumb Code    66  soft_i2c.o(i.I2C_Stop)
    I2C_Wait_Ack                             0x0800377d   Thumb Code    80  soft_i2c.o(i.I2C_Wait_Ack)
    Interrupt_Init                           0x080037d1   Thumb Code    12  stm32f4xx_it.o(i.Interrupt_Init)
    Key11_Function                           0x080038b9   Thumb Code   136  key.o(i.Key11_Function)
    Key12_Function                           0x0800394d   Thumb Code   704  key.o(i.Key12_Function)
    Key13_Function                           0x08003c39   Thumb Code  1104  key.o(i.Key13_Function)
    Key14_Function                           0x08004095   Thumb Code   416  key.o(i.Key14_Function)
    Key21_Function                           0x08004255   Thumb Code  1988  key.o(i.Key21_Function)
    Key22_Function                           0x08004a2d   Thumb Code  1988  key.o(i.Key22_Function)
    Key23_Function                           0x08005205   Thumb Code  1968  key.o(i.Key23_Function)
    Key24_Function                           0x080059d1   Thumb Code  1968  key.o(i.Key24_Function)
    Key_Init                                 0x0800619d   Thumb Code   310  key.o(i.Key_Init)
    Key_Is_Pressed                           0x080062dd   Thumb Code   148  key.o(i.Key_Is_Pressed)
    LED_Init                                 0x08006379   Thumb Code   178  led.o(i.LED_Init)
    LED_OverTurn                             0x08006439   Thumb Code   268  led.o(i.LED_OverTurn)
    MemManage_Handler                        0x08006563   Thumb Code     4  stm32f4xx_it.o(i.MemManage_Handler)
    NMI_Handler                              0x08006567   Thumb Code     2  stm32f4xx_it.o(i.NMI_Handler)
    NVIC_Init                                0x08006569   Thumb Code   106  misc.o(i.NVIC_Init)
    NVIC_PriorityGroupConfig                 0x080065e1   Thumb Code    10  misc.o(i.NVIC_PriorityGroupConfig)
    OLED_CheckDevice                         0x080065f5   Thumb Code    46  oled.o(i.OLED_CheckDevice)
    OLED_Data_Round                          0x08006625   Thumb Code    46  oled.o(i.OLED_Data_Round)
    OLED_Display_Video_Memory                0x08006659   Thumb Code   102  oled.o(i.OLED_Display_Video_Memory)
    OLED_Init                                0x080066c1   Thumb Code   194  oled.o(i.OLED_Init)
    OLED_SetPos                              0x08006789   Thumb Code    36  oled.o(i.OLED_SetPos)
    OLED_Show_Matrix                         0x080067ad   Thumb Code   100  oled.o(i.OLED_Show_Matrix)
    OLED_Show_Matrix_Pointer                 0x08006811   Thumb Code    94  oled.o(i.OLED_Show_Matrix_Pointer)
    OLED_Show_Number                         0x08006871   Thumb Code    96  oled.o(i.OLED_Show_Number)
    OLED_Update                              0x08006929   Thumb Code   826  oled.o(i.OLED_Update)
    OLED_Update_Cursor                       0x08006d15   Thumb Code  4118  oled.o(i.OLED_Update_Cursor)
    OLED_Update_Data                         0x08007d2d   Thumb Code  5012  oled.o(i.OLED_Update_Data)
    OLED_WriteCmd                            0x080090cd   Thumb Code    44  oled.o(i.OLED_WriteCmd)
    OLED_WriteData                           0x080090f9   Thumb Code    44  oled.o(i.OLED_WriteData)
    PID_Inc_Clear_Value                      0x08009125   Thumb Code    26  pid.o(i.PID_Inc_Clear_Value)
    PID_Inctype_Calculate                    0x08009145   Thumb Code   224  pid.o(i.PID_Inctype_Calculate)
    PID_Init                                 0x08009225   Thumb Code   354  pid.o(i.PID_Init)
    PID_Pos_Clear_Value                      0x080093a1   Thumb Code    18  pid.o(i.PID_Pos_Clear_Value)
    Profile_Torque_Mode_Config               0x080093b9   Thumb Code    96  canopen.o(i.Profile_Torque_Mode_Config)
    RCC_AHB1PeriphClockCmd                   0x08009421   Thumb Code    26  stm32f4xx_rcc.o(i.RCC_AHB1PeriphClockCmd)
    RCC_APB1PeriphClockCmd                   0x08009441   Thumb Code    26  stm32f4xx_rcc.o(i.RCC_APB1PeriphClockCmd)
    RCC_APB2PeriphClockCmd                   0x08009461   Thumb Code    26  stm32f4xx_rcc.o(i.RCC_APB2PeriphClockCmd)
    RCC_GetClocksFreq                        0x08009481   Thumb Code   214  stm32f4xx_rcc.o(i.RCC_GetClocksFreq)
    Read_SDO                                 0x08009569   Thumb Code    98  canopen.o(i.Read_SDO)
    Return_to_AN_SIN_Mode                    0x080095d5   Thumb Code   118  driver.o(i.Return_to_AN_SIN_Mode)
    Return_to_Chirp_Mode                     0x0800964b   Thumb Code   166  driver.o(i.Return_to_Chirp_Mode)
    Return_to_DIS_SIN_Mode                   0x080096f1   Thumb Code   118  driver.o(i.Return_to_DIS_SIN_Mode)
    Run_NMT                                  0x08009769   Thumb Code    58  canopen.o(i.Run_NMT)
    SPI2_IRQHandler                          0x080097a9   Thumb Code    96  stm32f4xx_it.o(i.SPI2_IRQHandler)
    SPI_Cmd                                  0x08009819   Thumb Code    24  stm32f4xx_spi.o(i.SPI_Cmd)
    SPI_I2S_GetITStatus                      0x08009831   Thumb Code    52  stm32f4xx_spi.o(i.SPI_I2S_GetITStatus)
    SPI_I2S_ITConfig                         0x08009865   Thumb Code    32  stm32f4xx_spi.o(i.SPI_I2S_ITConfig)
    SPI_I2S_ReceiveData                      0x08009885   Thumb Code     6  stm32f4xx_spi.o(i.SPI_I2S_ReceiveData)
    SPI_I2S_SendData                         0x0800988b   Thumb Code     4  stm32f4xx_spi.o(i.SPI_I2S_SendData)
    SPI_Init                                 0x0800988f   Thumb Code    60  stm32f4xx_spi.o(i.SPI_Init)
    SYSCFG_EXTILineConfig                    0x080098d9   Thumb Code    60  stm32f4xx_syscfg.o(i.SYSCFG_EXTILineConfig)
    SysTick_Handler                          0x08009a05   Thumb Code    16  stm32f4xx_it.o(i.SysTick_Handler)
    SystemInit                               0x08009a15   Thumb Code    88  system_stm32f4xx.o(i.SystemInit)
    TIM2_IRQHandler                          0x08009ba1   Thumb Code  4680  stm32f4xx_it.o(i.TIM2_IRQHandler)
    TIM7_IRQHandler                          0x0800ae05   Thumb Code   216  stm32f4xx_it.o(i.TIM7_IRQHandler)
    TIM_ClearFlag                            0x0800aefd   Thumb Code     6  stm32f4xx_tim.o(i.TIM_ClearFlag)
    TIM_ClearITPendingBit                    0x0800af03   Thumb Code     6  stm32f4xx_tim.o(i.TIM_ClearITPendingBit)
    TIM_Cmd                                  0x0800af09   Thumb Code    24  stm32f4xx_tim.o(i.TIM_Cmd)
    TIM_EncoderInterfaceConfig               0x0800af21   Thumb Code    66  stm32f4xx_tim.o(i.TIM_EncoderInterfaceConfig)
    TIM_GetCounter                           0x0800af63   Thumb Code     6  stm32f4xx_tim.o(i.TIM_GetCounter)
    TIM_GetFlagStatus                        0x0800af69   Thumb Code    18  stm32f4xx_tim.o(i.TIM_GetFlagStatus)
    TIM_GetITStatus                          0x0800af7b   Thumb Code    34  stm32f4xx_tim.o(i.TIM_GetITStatus)
    TIM_ICInit                               0x0800af9d   Thumb Code   110  stm32f4xx_tim.o(i.TIM_ICInit)
    TIM_ICStructInit                         0x0800b00b   Thumb Code    18  stm32f4xx_tim.o(i.TIM_ICStructInit)
    TIM_ITConfig                             0x0800b01d   Thumb Code    18  stm32f4xx_tim.o(i.TIM_ITConfig)
    TIM_SelectOutputTrigger                  0x0800b02f   Thumb Code    18  stm32f4xx_tim.o(i.TIM_SelectOutputTrigger)
    TIM_SetCounter                           0x0800b041   Thumb Code     4  stm32f4xx_tim.o(i.TIM_SetCounter)
    TIM_SetIC1Prescaler                      0x0800b045   Thumb Code    18  stm32f4xx_tim.o(i.TIM_SetIC1Prescaler)
    TIM_SetIC2Prescaler                      0x0800b057   Thumb Code    26  stm32f4xx_tim.o(i.TIM_SetIC2Prescaler)
    TIM_SetIC3Prescaler                      0x0800b071   Thumb Code    18  stm32f4xx_tim.o(i.TIM_SetIC3Prescaler)
    TIM_SetIC4Prescaler                      0x0800b083   Thumb Code    26  stm32f4xx_tim.o(i.TIM_SetIC4Prescaler)
    TIM_TimeBaseInit                         0x0800b09d   Thumb Code   104  stm32f4xx_tim.o(i.TIM_TimeBaseInit)
    TIM_TimeBaseStructInit                   0x0800b121   Thumb Code    18  stm32f4xx_tim.o(i.TIM_TimeBaseStructInit)
    Target_Torque_Set                        0x0800b135   Thumb Code   102  canopen.o(i.Target_Torque_Set)
    USART2_IRQHandler                        0x0800b1d5   Thumb Code   104  stm32f4xx_it.o(i.USART2_IRQHandler)
    USART_Cmd                                0x0800b24d   Thumb Code    24  stm32f4xx_usart.o(i.USART_Cmd)
    USART_GetFlagStatus                      0x0800b265   Thumb Code    26  stm32f4xx_usart.o(i.USART_GetFlagStatus)
    USART_GetITStatus                        0x0800b27f   Thumb Code    84  stm32f4xx_usart.o(i.USART_GetITStatus)
    USART_ITConfig                           0x0800b2d3   Thumb Code    74  stm32f4xx_usart.o(i.USART_ITConfig)
    USART_Init                               0x0800b31d   Thumb Code   204  stm32f4xx_usart.o(i.USART_Init)
    USART_ReceiveData                        0x0800b4b1   Thumb Code    10  stm32f4xx_usart.o(i.USART_ReceiveData)
    USART_SendData                           0x0800b4bb   Thumb Code     8  stm32f4xx_usart.o(i.USART_SendData)
    Update_Chairp_data                       0x0800b57d   Thumb Code   126  driver.o(i.Update_Chairp_data)
    UsageFault_Handler                       0x0800b5fb   Thumb Code     4  stm32f4xx_it.o(i.UsageFault_Handler)
    Usart_Init                               0x0800b601   Thumb Code   182  usart.o(i.Usart_Init)
    Usart_SendByte                           0x0800b6c1   Thumb Code    30  usart.o(i.Usart_SendByte)
    Vibration_System_Init                    0x0800b6e1   Thumb Code   252  vibration_system.o(i.Vibration_System_Init)
    Write_RPDO1                              0x0800b80d   Thumb Code    96  canopen.o(i.Write_RPDO1)
    Write_RPDO2                              0x0800b871   Thumb Code    96  canopen.o(i.Write_RPDO2)
    Write_SDO                                0x0800b8d5   Thumb Code   166  canopen.o(i.Write_SDO)
    __0printf                                0x0800b985   Thumb Code    22  printfa.o(i.__0printf)
    __1printf                                0x0800b985   Thumb Code     0  printfa.o(i.__0printf)
    __2printf                                0x0800b985   Thumb Code     0  printfa.o(i.__0printf)
    __c89printf                              0x0800b985   Thumb Code     0  printfa.o(i.__0printf)
    printf                                   0x0800b985   Thumb Code     0  printfa.o(i.__0printf)
    __scatterload_copy                       0x0800b9a5   Thumb Code    14  handlers.o(i.__scatterload_copy)
    __scatterload_null                       0x0800b9b3   Thumb Code     2  handlers.o(i.__scatterload_null)
    __scatterload_zeroinit                   0x0800b9b5   Thumb Code    14  handlers.o(i.__scatterload_zeroinit)
    arm_cfft_f32                             0x0800c277   Thumb Code   240  arm_cfft_f32.o(i.arm_cfft_f32)
    arm_cfft_radix8by2_f32                   0x0800c367   Thumb Code   778  arm_cfft_f32.o(i.arm_cfft_radix8by2_f32)
    arm_cfft_radix8by4_f32                   0x0800c671   Thumb Code  1970  arm_cfft_f32.o(i.arm_cfft_radix8by4_f32)
    arm_cmplx_mag_f32                        0x0800ce23   Thumb Code   224  arm_cmplx_mag_f32.o(i.arm_cmplx_mag_f32)
    arm_max_f32                              0x0800cf03   Thumb Code   174  arm_max_f32.o(i.arm_max_f32)
    arm_radix8_butterfly_f32                 0x0800cfb1   Thumb Code  2820  arm_cfft_radix8_f32.o(i.arm_radix8_butterfly_f32)
    arm_rfft_fast_f32                        0x0800dab9   Thumb Code    76  arm_rfft_fast_f32.o(i.arm_rfft_fast_f32)
    arm_rfft_fast_init_f32                   0x0800db05   Thumb Code   232  arm_rfft_fast_init_f32.o(i.arm_rfft_fast_init_f32)
    arm_sin_f32                              0x0800dc4d   Thumb Code   128  arm_sin_f32.o(i.arm_sin_f32)
    delay_1us                                0x0800dd05   Thumb Code    24  delay.o(i.delay_1us)
    delay_init                               0x0800dd21   Thumb Code    38  delay.o(i.delay_init)
    delay_ms                                 0x0800dd4d   Thumb Code    26  delay.o(i.delay_ms)
    delay_us                                 0x0800dd67   Thumb Code    22  delay.o(i.delay_us)
    fputc                                    0x0800dd7d   Thumb Code    32  usart.o(i.fputc)
    main                                     0x0800dda1   Thumb Code    42  main.o(i.main)
    malloc                                   0x0800dde5   Thumb Code    92  malloc.o(i.malloc)
    merge_rfft_f32                           0x0800de51   Thumb Code   188  arm_rfft_fast_f32.o(i.merge_rfft_f32)
    pvPortMalloc                             0x0800e9c1   Thumb Code   262  heap_4.o(i.pvPortMalloc)
    pxPortInitialiseStack                    0x0800eb11   Thumb Code    38  port.o(i.pxPortInitialiseStack)
    spi_Init                                 0x0800eb3d   Thumb Code   218  spi.o(i.spi_Init)
    stage_rfft_f32                           0x0800ec21   Thumb Code   258  arm_rfft_fast_f32.o(i.stage_rfft_f32)
    ulTaskNotifyTake                         0x0800ed25   Thumb Code   108  tasks.o(i.ulTaskNotifyTake)
    uxListRemove                             0x0800ed99   Thumb Code    40  list.o(i.uxListRemove)
    uxTaskResetEventItemValue                0x0800edc1   Thumb Code    24  tasks.o(i.uxTaskResetEventItemValue)
    vEventGroupSetBitsCallback               0x0800eddd   Thumb Code    16  event_groups.o(i.vEventGroupSetBitsCallback)
    vListInitialise                          0x0800eded   Thumb Code    26  list.o(i.vListInitialise)
    vListInitialiseItem                      0x0800ee07   Thumb Code     6  list.o(i.vListInitialiseItem)
    vListInsert                              0x0800ee0d   Thumb Code    52  list.o(i.vListInsert)
    vListInsertEnd                           0x0800ee41   Thumb Code    24  list.o(i.vListInsertEnd)
    vPortEnterCritical                       0x0800ee59   Thumb Code    68  port.o(i.vPortEnterCritical)
    vPortExitCritical                        0x0800eedd   Thumb Code    48  port.o(i.vPortExitCritical)
    vPortFree                                0x0800ef49   Thumb Code   120  heap_4.o(i.vPortFree)
    vPortSetupTimerInterrupt                 0x0800effd   Thumb Code    26  port.o(i.vPortSetupTimerInterrupt)
    vPortValidateInterruptPriority           0x0800f01d   Thumb Code    86  port.o(i.vPortValidateInterruptPriority)
    vQueueAddToRegistry                      0x0800f0b9   Thumb Code    38  queue.o(i.vQueueAddToRegistry)
    vQueueWaitForMessageRestricted           0x0800f0e5   Thumb Code    74  queue.o(i.vQueueWaitForMessageRestricted)
    vTaskDelay                               0x0800f131   Thumb Code    72  tasks.o(i.vTaskDelay)
    vTaskDelete                              0x0800f1a9   Thumb Code   192  tasks.o(i.vTaskDelete)
    vTaskMissedYield                         0x0800f2b9   Thumb Code     8  tasks.o(i.vTaskMissedYield)
    vTaskPlaceOnEventList                    0x0800f2c5   Thumb Code    42  tasks.o(i.vTaskPlaceOnEventList)
    vTaskPlaceOnEventListRestricted          0x0800f31d   Thumb Code    50  tasks.o(i.vTaskPlaceOnEventListRestricted)
    vTaskPlaceOnUnorderedEventList           0x0800f37d   Thumb Code    80  tasks.o(i.vTaskPlaceOnUnorderedEventList)
    vTaskSetTimeOutState                     0x0800f3fd   Thumb Code    32  tasks.o(i.vTaskSetTimeOutState)
    vTaskStartScheduler                      0x0800f44d   Thumb Code   108  tasks.o(i.vTaskStartScheduler)
    vTaskSuspendAll                          0x0800f4fd   Thumb Code    12  tasks.o(i.vTaskSuspendAll)
    vTaskSwitchContext                       0x0800f50d   Thumb Code   110  tasks.o(i.vTaskSwitchContext)
    xEventGroupCreate                        0x0800f5b9   Thumb Code    26  event_groups.o(i.xEventGroupCreate)
    xEventGroupSetBits                       0x0800f5d5   Thumb Code   186  event_groups.o(i.xEventGroupSetBits)
    xEventGroupWaitBits                      0x0800f6c1   Thumb Code   294  event_groups.o(i.xEventGroupWaitBits)
    xPortStartScheduler                      0x0800f81d   Thumb Code   258  port.o(i.xPortStartScheduler)
    xPortSysTickHandler                      0x0800f975   Thumb Code    46  port.o(i.xPortSysTickHandler)
    xQueueGenericCreate                      0x0800f9a9   Thumb Code    78  queue.o(i.xQueueGenericCreate)
    xQueueGenericReceive                     0x0800fa21   Thumb Code   386  queue.o(i.xQueueGenericReceive)
    xQueueGenericReset                       0x0800fbd1   Thumb Code   136  queue.o(i.xQueueGenericReset)
    xQueueGenericSend                        0x0800fc85   Thumb Code   380  queue.o(i.xQueueGenericSend)
    xQueueGenericSendFromISR                 0x0800fe2d   Thumb Code   218  queue.o(i.xQueueGenericSendFromISR)
    xTaskCheckForTimeOut                     0x0800ff31   Thumb Code   116  tasks.o(i.xTaskCheckForTimeOut)
    xTaskCreate                              0x0800ffd5   Thumb Code    96  tasks.o(i.xTaskCreate)
    xTaskGenericNotify                       0x08010035   Thumb Code   222  tasks.o(i.xTaskGenericNotify)
    xTaskGenericNotifyFromISR                0x0801014d   Thumb Code   278  tasks.o(i.xTaskGenericNotifyFromISR)
    xTaskGetSchedulerState                   0x080102a5   Thumb Code    24  tasks.o(i.xTaskGetSchedulerState)
    xTaskGetTickCount                        0x080102c5   Thumb Code     6  tasks.o(i.xTaskGetTickCount)
    xTaskIncrementTick                       0x080102d1   Thumb Code   272  tasks.o(i.xTaskIncrementTick)
    xTaskRemoveFromEventList                 0x08010435   Thumb Code   118  tasks.o(i.xTaskRemoveFromEventList)
    xTaskRemoveFromUnorderedEventList        0x080104ed   Thumb Code   134  tasks.o(i.xTaskRemoveFromUnorderedEventList)
    xTaskResumeAll                           0x080105b1   Thumb Code   214  tasks.o(i.xTaskResumeAll)
    xTimerCreate                             0x080106d5   Thumb Code    48  timers.o(i.xTimerCreate)
    xTimerCreateTimerTask                    0x08010705   Thumb Code    56  timers.o(i.xTimerCreateTimerTask)
    xTimerGenericCommand                     0x0801077d   Thumb Code   118  timers.o(i.xTimerGenericCommand)
    xTimerPendFunctionCallFromISR            0x08010825   Thumb Code    48  timers.o(i.xTimerPendFunctionCallFromISR)
    Standard_Voltage_Table                   0x08010858   Data         404  driver.o(.constdata)
    Select_Mark                              0x080109ec   Data          40  font.o(.constdata)
    Not_Select_Mark                          0x08010a14   Data          40  font.o(.constdata)
    Square_Brackets                          0x08010a3c   Data          40  font.o(.constdata)
    Underline                                0x08010a64   Data          40  font.o(.constdata)
    Number_16x8                              0x08010a8c   Data         208  font.o(.constdata)
    RSSI_16x16                               0x08010b5c   Data         192  font.o(.constdata)
    Welcome                                  0x08010c1c   Data        1024  font.o(.constdata)
    Device_List                              0x0801101c   Data        1024  font.o(.constdata)
    Driver1_AN                               0x0801141c   Data        1024  font.o(.constdata)
    Driver1_SIN                              0x0801181c   Data        1024  font.o(.constdata)
    Driver1_Displacement                     0x08011c1c   Data        1024  font.o(.constdata)
    Driver1_SIN_Displacement                 0x0801201c   Data        1024  font.o(.constdata)
    Driver1_EN                               0x0801241c   Data        1024  font.o(.constdata)
    Driver1_BUSY                             0x0801281c   Data        1024  font.o(.constdata)
    Driver2_AN                               0x08012c1c   Data        1024  font.o(.constdata)
    Driver2_SIN                              0x0801301c   Data        1024  font.o(.constdata)
    Driver2_Displacement                     0x0801341c   Data        1024  font.o(.constdata)
    Driver2_SIN_Displacement                 0x0801381c   Data        1024  font.o(.constdata)
    Driver2_EN                               0x08013c1c   Data        1024  font.o(.constdata)
    Driver2_BUSY                             0x0801401c   Data        1024  font.o(.constdata)
    Encoder1_vm                              0x0801441c   Data        1024  font.o(.constdata)
    Encoder2_vm                              0x0801481c   Data        1024  font.o(.constdata)
    Uart_Tx_vm                               0x08014c1c   Data        1024  font.o(.constdata)
    Can_Enable_vm                            0x0801501c   Data        1024  font.o(.constdata)
    Can_Out_vm                               0x0801541c   Data        1024  font.o(.constdata)
    DRC1_Off_vm                              0x0801581c   Data        1024  font.o(.constdata)
    DRC1_On_vm                               0x08015c1c   Data        1024  font.o(.constdata)
    DRC1_Off_Config_vm                       0x0801601c   Data        1024  font.o(.constdata)
    DRC1_On_Config_vm                        0x0801641c   Data        1024  font.o(.constdata)
    DRC2_Off_vm                              0x0801681c   Data        1024  font.o(.constdata)
    DRC2_On_vm                               0x08016c1c   Data        1024  font.o(.constdata)
    DRC2_Off_Config_vm                       0x0801701c   Data        1024  font.o(.constdata)
    DRC2_On_Config_vm                        0x0801741c   Data        1024  font.o(.constdata)
    Sweep1_Off_vm                            0x0801781c   Data        1024  font.o(.constdata)
    Sweep1_On_vm                             0x08017c1c   Data        1024  font.o(.constdata)
    Sweep1_Off_Config_vm                     0x0801801c   Data        1024  font.o(.constdata)
    Sweep1_On_Config_vm                      0x0801841c   Data        1024  font.o(.constdata)
    Sweep2_Off_vm                            0x0801881c   Data        1024  font.o(.constdata)
    Sweep2_On_vm                             0x08018c1c   Data        1024  font.o(.constdata)
    Sweep2_Off_Config_vm                     0x0801901c   Data        1024  font.o(.constdata)
    Sweep2_On_Config_vm                      0x0801941c   Data        1024  font.o(.constdata)
    armBitRevTable                           0x0801981c   Data        2048  arm_common_tables.o(.constdata)
    twiddleCoef_16                           0x0801a01c   Data         128  arm_common_tables.o(.constdata)
    twiddleCoef_32                           0x0801a09c   Data         256  arm_common_tables.o(.constdata)
    twiddleCoef_64                           0x0801a19c   Data         512  arm_common_tables.o(.constdata)
    twiddleCoef_128                          0x0801a39c   Data        1024  arm_common_tables.o(.constdata)
    twiddleCoef_256                          0x0801a79c   Data        2048  arm_common_tables.o(.constdata)
    twiddleCoef_512                          0x0801af9c   Data        4096  arm_common_tables.o(.constdata)
    twiddleCoef_1024                         0x0801bf9c   Data        8192  arm_common_tables.o(.constdata)
    twiddleCoef_2048                         0x0801df9c   Data       16384  arm_common_tables.o(.constdata)
    twiddleCoef_4096                         0x08021f9c   Data       32768  arm_common_tables.o(.constdata)
    twiddleCoef_16_q31                       0x08029f9c   Data          96  arm_common_tables.o(.constdata)
    twiddleCoef_32_q31                       0x08029ffc   Data         192  arm_common_tables.o(.constdata)
    twiddleCoef_64_q31                       0x0802a0bc   Data         384  arm_common_tables.o(.constdata)
    twiddleCoef_128_q31                      0x0802a23c   Data         768  arm_common_tables.o(.constdata)
    twiddleCoef_256_q31                      0x0802a53c   Data        1536  arm_common_tables.o(.constdata)
    twiddleCoef_512_q31                      0x0802ab3c   Data        3072  arm_common_tables.o(.constdata)
    twiddleCoef_1024_q31                     0x0802b73c   Data        6144  arm_common_tables.o(.constdata)
    twiddleCoef_2048_q31                     0x0802cf3c   Data       12288  arm_common_tables.o(.constdata)
    twiddleCoef_4096_q31                     0x0802ff3c   Data       24576  arm_common_tables.o(.constdata)
    twiddleCoef_16_q15                       0x08035f3c   Data          48  arm_common_tables.o(.constdata)
    twiddleCoef_32_q15                       0x08035f6c   Data          96  arm_common_tables.o(.constdata)
    twiddleCoef_64_q15                       0x08035fcc   Data         192  arm_common_tables.o(.constdata)
    twiddleCoef_128_q15                      0x0803608c   Data         384  arm_common_tables.o(.constdata)
    twiddleCoef_256_q15                      0x0803620c   Data         768  arm_common_tables.o(.constdata)
    twiddleCoef_512_q15                      0x0803650c   Data        1536  arm_common_tables.o(.constdata)
    twiddleCoef_1024_q15                     0x08036b0c   Data        3072  arm_common_tables.o(.constdata)
    twiddleCoef_2048_q15                     0x0803770c   Data        6144  arm_common_tables.o(.constdata)
    twiddleCoef_4096_q15                     0x08038f0c   Data       12288  arm_common_tables.o(.constdata)
    armRecipTableQ15                         0x0803bf0c   Data         128  arm_common_tables.o(.constdata)
    armRecipTableQ31                         0x0803bf8c   Data         256  arm_common_tables.o(.constdata)
    armBitRevIndexTable16                    0x0803c08c   Data          40  arm_common_tables.o(.constdata)
    armBitRevIndexTable32                    0x0803c0b4   Data          96  arm_common_tables.o(.constdata)
    armBitRevIndexTable64                    0x0803c114   Data         112  arm_common_tables.o(.constdata)
    armBitRevIndexTable128                   0x0803c184   Data         416  arm_common_tables.o(.constdata)
    armBitRevIndexTable256                   0x0803c324   Data         880  arm_common_tables.o(.constdata)
    armBitRevIndexTable512                   0x0803c694   Data         896  arm_common_tables.o(.constdata)
    armBitRevIndexTable1024                  0x0803ca14   Data        3600  arm_common_tables.o(.constdata)
    armBitRevIndexTable2048                  0x0803d824   Data        7616  arm_common_tables.o(.constdata)
    armBitRevIndexTable4096                  0x0803f5e4   Data        8064  arm_common_tables.o(.constdata)
    armBitRevIndexTable_fixed_16             0x08041564   Data          24  arm_common_tables.o(.constdata)
    armBitRevIndexTable_fixed_32             0x0804157c   Data          48  arm_common_tables.o(.constdata)
    armBitRevIndexTable_fixed_64             0x080415ac   Data         112  arm_common_tables.o(.constdata)
    armBitRevIndexTable_fixed_128            0x0804161c   Data         224  arm_common_tables.o(.constdata)
    armBitRevIndexTable_fixed_256            0x080416fc   Data         480  arm_common_tables.o(.constdata)
    armBitRevIndexTable_fixed_512            0x080418dc   Data         960  arm_common_tables.o(.constdata)
    armBitRevIndexTable_fixed_1024           0x08041c9c   Data        1984  arm_common_tables.o(.constdata)
    armBitRevIndexTable_fixed_2048           0x0804245c   Data        3968  arm_common_tables.o(.constdata)
    armBitRevIndexTable_fixed_4096           0x080433dc   Data        8064  arm_common_tables.o(.constdata)
    twiddleCoef_rfft_32                      0x0804535c   Data         128  arm_common_tables.o(.constdata)
    twiddleCoef_rfft_64                      0x080453dc   Data         256  arm_common_tables.o(.constdata)
    twiddleCoef_rfft_128                     0x080454dc   Data         512  arm_common_tables.o(.constdata)
    twiddleCoef_rfft_256                     0x080456dc   Data        1024  arm_common_tables.o(.constdata)
    twiddleCoef_rfft_512                     0x08045adc   Data        2048  arm_common_tables.o(.constdata)
    twiddleCoef_rfft_1024                    0x080462dc   Data        4096  arm_common_tables.o(.constdata)
    twiddleCoef_rfft_2048                    0x080472dc   Data        8192  arm_common_tables.o(.constdata)
    twiddleCoef_rfft_4096                    0x080492dc   Data       16384  arm_common_tables.o(.constdata)
    sinTable_f32                             0x0804d2dc   Data        2052  arm_common_tables.o(.constdata)
    sinTable_q31                             0x0804dae0   Data        2052  arm_common_tables.o(.constdata)
    sinTable_q15                             0x0804e2e4   Data        1026  arm_common_tables.o(.constdata)
    Region$$Table$$Base                      0x0804e6e8   Number         0  anon$$obj.o(Region$$Table)
    Region$$Table$$Limit                     0x0804e708   Number         0  anon$$obj.o(Region$$Table)
    SystemCoreClock                          0x20000000   Data           4  system_stm32f4xx.o(.data)
    AHBPrescTable                            0x20000004   Data          16  system_stm32f4xx.o(.data)
    Chairp_Task_Handle                       0x20000040   Data           4  main.o(.data)
    KEY_EventGroup                           0x20000050   Data           4  main.o(.data)
    OLED_EventGroup                          0x20000054   Data           4  main.o(.data)
    OLED_BinarySemaphore                     0x20000058   Data           4  main.o(.data)
    USART_TX_Timer                           0x2000005c   Data           4  main.o(.data)
    USART_TX_BinarySemaphore                 0x20000060   Data           4  main.o(.data)
    DELAY_UPDATE_Timer                       0x20000064   Data           4  main.o(.data)
    USART_RX_Queue                           0x20000068   Data           4  main.o(.data)
    FFT_ANALYSE_Timer                        0x2000006c   Data           4  main.o(.data)
    spi_data                                 0x20000070   Data           2  main.o(.data)
    current_voltage1                         0x20000074   Data           4  stm32f4xx_it.o(.data)
    current_voltage2                         0x20000078   Data           4  stm32f4xx_it.o(.data)
    Feedback_Output1                         0x2000007c   Data           4  stm32f4xx_it.o(.data)
    Feedback_Output2                         0x20000080   Data           4  stm32f4xx_it.o(.data)
    Current_DisTarget1                       0x20000084   Data           4  stm32f4xx_it.o(.data)
    Current_DisTarget2                       0x20000088   Data           4  stm32f4xx_it.o(.data)
    pid_output1                              0x2000008c   Data           4  stm32f4xx_it.o(.data)
    pid_output2                              0x20000090   Data           4  stm32f4xx_it.o(.data)
    Current_Output1                          0x20000094   Data           4  stm32f4xx_it.o(.data)
    Current_Output2                          0x20000098   Data           4  stm32f4xx_it.o(.data)
    chirp_update_flag1                       0x2000009c   Data           1  stm32f4xx_it.o(.data)
    chirp_update_flag2                       0x2000009d   Data           1  stm32f4xx_it.o(.data)
    chirp_out_flag1                          0x2000009e   Data           1  stm32f4xx_it.o(.data)
    chirp_out_flag2                          0x2000009f   Data           1  stm32f4xx_it.o(.data)
    pid_output                               0x200000a0   Data           4  stm32f4xx_it.o(.data)
    Canopen                                  0x200000a4   Data           1  canopen.o(.data)
    Delay_Feedback_Controller1               0x200000a8   Data          20  delay_feedback.o(.data)
    Delay_Feedback_Controller2               0x200000bc   Data          20  delay_feedback.o(.data)
    Sweep1                                   0x200000d0   Data          24  driver.o(.data)
    Sweep2                                   0x200000e8   Data          24  driver.o(.data)
    Sinewave1                                0x20000100   Data          24  driver.o(.data)
    Sinewave2                                0x20000118   Data          24  driver.o(.data)
    Driver1                                  0x20000130   Data          48  driver.o(.data)
    Driver2                                  0x20000160   Data          48  driver.o(.data)
    Encoder1                                 0x20000190   Data          10  encoder.o(.data)
    Encoder2                                 0x2000019a   Data          10  encoder.o(.data)
    Encoder_ADC_Data                         0x200001a4   Data           4  encoder.o(.data)
    Number                                   0x200001a8   Data          16  font.o(.data)
    RSSI                                     0x200001b8   Data          16  font.o(.data)
    Key                                      0x200001c8   Data           8  key.o(.data)
    Top_Device                               0x200001d0   Data           1  key.o(.data)
    Encoder_Data_Update                      0x200001d1   Data           1  key.o(.data)
    Option                                   0x200001d2   Data           8  key.o(.data)
    before_canout1                           0x200001dc   Data           4  key.o(.data)
    before_canout2                           0x200001e0   Data           4  key.o(.data)
    OLED                                     0x200001e4   Data           1  oled.o(.data)
    fft_data                                 0x200001e8   Data           4  signal_processing_fft.o(.data)
    fft_magnitudes                           0x200001ec   Data           4  signal_processing_fft.o(.data)
    pxCurrentTCB                             0x200001f4   Data           4  tasks.o(.data)
    __stdout                                 0x20000268   Data           4  stdout.o(.data)
    __microlib_freelist                      0x2000026c   Data           4  mvars.o(.data)
    __microlib_freelist_initialised          0x20000270   Data           4  mvars.o(.data)
    usart_queue_data                         0x20000274   Data          16  stm32f4xx_it.o(.bss)
    SDO_Rxbuffer                             0x20000284   Data           9  canopen.o(.bss)
    Distance_History1                        0x2000028e   Data        2000  delay_feedback.o(.bss)
    Distance_History2                        0x20000a5e   Data        2000  delay_feedback.o(.bss)
    data11                                   0x20001230   Data       16008  driver.o(.bss)
    data12                                   0x200050b8   Data       16008  driver.o(.bss)
    data21                                   0x20008f40   Data       16008  driver.o(.bss)
    data22                                   0x2000cdc8   Data       16008  driver.o(.bss)
    pid1                                     0x20010c50   Data          44  pid.o(.bss)
    pid2                                     0x20010c7c   Data          44  pid.o(.bss)
    pid_inc1                                 0x20010ca8   Data          44  pid.o(.bss)
    pid_inc2                                 0x20010cd4   Data          44  pid.o(.bss)
    xQueueRegistry                           0x20010d00   Data          80  queue.o(.bss)
    __heap_base                              0x2001a060   Data           0  startup_stm32f40xx.o(HEAP)
    __heap_limit                             0x2001f060   Data           0  startup_stm32f40xx.o(HEAP)
    __initial_sp                             0x2001f460   Data           0  startup_stm32f40xx.o(STACK)



==============================================================================

Memory Map of the image

  Image Entry point : 0x08000249

  Load Region LR_IROM1 (Base: 0x08000000, Size: 0x0004e97c, Max: 0x00100000, ABSOLUTE, COMPRESSED[0x0004e780])

    Execution Region ER_IROM1 (Exec base: 0x08000000, Load base: 0x08000000, Size: 0x0004e708, Max: 0x00100000, ABSOLUTE)

    Exec Addr    Load Addr    Size         Type   Attr      Idx    E Section Name        Object

    0x08000000   0x08000000   0x00000188   Data   RO            3    RESET               startup_stm32f40xx.o
    0x08000188   0x08000188   0x000000c0   Code   RO         7809    . text              arm_bitreversal2.o
    0x08000248   0x08000248   0x00000000   Code   RO         7893  * .ARM.Collect$$$$00000000  mc_w.l(entry.o)
    0x08000248   0x08000248   0x00000004   Code   RO         8209    .ARM.Collect$$$$00000001  mc_w.l(entry2.o)
    0x0800024c   0x0800024c   0x00000004   Code   RO         8212    .ARM.Collect$$$$00000004  mc_w.l(entry5.o)
    0x08000250   0x08000250   0x00000000   Code   RO         8214    .ARM.Collect$$$$00000008  mc_w.l(entry7b.o)
    0x08000250   0x08000250   0x00000000   Code   RO         8216    .ARM.Collect$$$$0000000A  mc_w.l(entry8b.o)
    0x08000250   0x08000250   0x00000008   Code   RO         8217    .ARM.Collect$$$$0000000B  mc_w.l(entry9a.o)
    0x08000258   0x08000258   0x00000000   Code   RO         8219    .ARM.Collect$$$$0000000D  mc_w.l(entry10a.o)
    0x08000258   0x08000258   0x00000000   Code   RO         8221    .ARM.Collect$$$$0000000F  mc_w.l(entry11a.o)
    0x08000258   0x08000258   0x00000004   Code   RO         8210    .ARM.Collect$$$$00002712  mc_w.l(entry2.o)
    0x0800025c   0x0800025c   0x000000b6   Code   RO         7412    .emb_text           port.o
    0x08000312   0x08000312   0x00000002   PAD
    0x08000314   0x08000314   0x00000024   Code   RO            4    .text               startup_stm32f40xx.o
    0x08000338   0x08000338   0x00000024   Code   RO         7896    .text               mc_w.l(memcpya.o)
    0x0800035c   0x0800035c   0x00000024   Code   RO         7898    .text               mc_w.l(memseta.o)
    0x08000380   0x08000380   0x0000014e   Code   RO         8191    .text               mf_w.l(dadd.o)
    0x080004ce   0x080004ce   0x000000e4   Code   RO         8193    .text               mf_w.l(dmul.o)
    0x080005b2   0x080005b2   0x000000de   Code   RO         8195    .text               mf_w.l(ddiv.o)
    0x08000690   0x08000690   0x00000022   Code   RO         8197    .text               mf_w.l(dflti.o)
    0x080006b2   0x080006b2   0x0000001a   Code   RO         8199    .text               mf_w.l(dfltui.o)
    0x080006cc   0x080006cc   0x00000026   Code   RO         8201    .text               mf_w.l(f2d.o)
    0x080006f2   0x080006f2   0x00000002   PAD
    0x080006f4   0x080006f4   0x00000030   Code   RO         8203    .text               mf_w.l(cdcmple.o)
    0x08000724   0x08000724   0x00000030   Code   RO         8205    .text               mf_w.l(cdrcmple.o)
    0x08000754   0x08000754   0x00000038   Code   RO         8207    .text               mf_w.l(d2f.o)
    0x0800078c   0x0800078c   0x0000002c   Code   RO         8224    .text               mc_w.l(uidiv.o)
    0x080007b8   0x080007b8   0x00000062   Code   RO         8226    .text               mc_w.l(uldiv.o)
    0x0800081a   0x0800081a   0x0000001e   Code   RO         8228    .text               mc_w.l(llshl.o)
    0x08000838   0x08000838   0x00000024   Code   RO         8230    .text               mc_w.l(llsshr.o)
    0x0800085c   0x0800085c   0x00000000   Code   RO         8234    .text               mc_w.l(iusefp.o)
    0x0800085c   0x0800085c   0x0000006e   Code   RO         8235    .text               mf_w.l(fepilogue.o)
    0x080008ca   0x080008ca   0x000000ba   Code   RO         8237    .text               mf_w.l(depilogue.o)
    0x08000984   0x08000984   0x00000030   Code   RO         8239    .text               mf_w.l(dfixul.o)
    0x080009b4   0x080009b4   0x00000024   Code   RO         8241    .text               mc_w.l(init.o)
    0x080009d8   0x080009d8   0x00000020   Code   RO         8243    .text               mc_w.l(llushr.o)
    0x080009f8   0x080009f8   0x00000056   Code   RO         8253    .text               mc_w.l(__dczerorl2.o)
    0x08000a4e   0x08000a4e   0x00000016   Code   RO          213    i.ADC_Cmd           stm32f4xx_adc.o
    0x08000a64   0x08000a64   0x00000030   Code   RO          214    i.ADC_CommonInit    stm32f4xx_adc.o
    0x08000a94   0x08000a94   0x00000016   Code   RO          217    i.ADC_DMACmd        stm32f4xx_adc.o
    0x08000aaa   0x08000aaa   0x00000002   PAD
    0x08000aac   0x08000aac   0x00000054   Code   RO          233    i.ADC_Init          stm32f4xx_adc.o
    0x08000b00   0x08000b00   0x000000b8   Code   RO          238    i.ADC_RegularChannelConfig  stm32f4xx_adc.o
    0x08000bb8   0x08000bb8   0x00000064   Code   RO         5661    i.AI_Mode_Config    canopen.o
    0x08000c1c   0x08000c1c   0x00000360   Code   RO         5164    i.AppTaskCreate     main.o
    0x08000f7c   0x08000f7c   0x00000004   Code   RO         5369    i.BusFault_Handler  stm32f4xx_it.o
    0x08000f80   0x08000f80   0x00000098   Code   RO         5370    i.CAN1_RX0_IRQHandler  stm32f4xx_it.o
    0x08001018   0x08001018   0x00000108   Code   RO          459    i.CAN_FilterInit    stm32f4xx_can.o
    0x08001120   0x08001120   0x00000120   Code   RO          461    i.CAN_GetITStatus   stm32f4xx_can.o
    0x08001240   0x08001240   0x00000012   Code   RO          465    i.CAN_ITConfig      stm32f4xx_can.o
    0x08001252   0x08001252   0x00000114   Code   RO          466    i.CAN_Init          stm32f4xx_can.o
    0x08001366   0x08001366   0x000000f0   Code   RO          469    i.CAN_Receive       stm32f4xx_can.o
    0x08001456   0x08001456   0x00000126   Code   RO          474    i.CAN_Transmit      stm32f4xx_can.o
    0x0800157c   0x0800157c   0x00000070   Code   RO         5761    i.Calculat_Feedback_Voltage  delay_feedback.o
    0x080015ec   0x080015ec   0x000000b0   Code   RO         6477    i.Calculate_fft     signal_processing_fft.o
    0x0800169c   0x0800169c   0x00000110   Code   RO         5662    i.Canopen_Init      canopen.o
    0x080017ac   0x080017ac   0x00000034   Code   RO         5165    i.Chairp_Task       main.o
    0x080017e0   0x080017e0   0x00000050   Code   RO         5762    i.Change_Feedback_Parameter  delay_feedback.o
    0x08001830   0x08001830   0x00000124   Code   RO         5822    i.Change_Sweep_Parameter  driver.o
    0x08001954   0x08001954   0x00000012   Code   RO          477    i.CheckITStatus     stm32f4xx_can.o
    0x08001966   0x08001966   0x00000002   PAD
    0x08001968   0x08001968   0x0000004c   Code   RO         5823    i.Clear_Driver_Encoder_Value  driver.o
    0x080019b4   0x080019b4   0x00000044   Code   RO         5991    i.Clear_Encoder_Value  encoder.o
    0x080019f8   0x080019f8   0x0000003c   Code   RO         5663    i.Config_RPDO2      canopen.o
    0x08001a34   0x08001a34   0x00000028   Code   RO          937    i.DAC_Cmd           stm32f4xx_dac.o
    0x08001a5c   0x08001a5c   0x00000034   Code   RO          945    i.DAC_Init          stm32f4xx_dac.o
    0x08001a90   0x08001a90   0x00000020   Code   RO          946    i.DAC_SetChannel1Data  stm32f4xx_dac.o
    0x08001ab0   0x08001ab0   0x00000020   Code   RO          947    i.DAC_SetChannel2Data  stm32f4xx_dac.o
    0x08001ad0   0x08001ad0   0x000000a0   Code   RO         5166    i.DELAY_Task        main.o
    0x08001b70   0x08001b70   0x00000018   Code   RO         5167    i.DELAY_UPDATE_TimerCallback  main.o
    0x08001b88   0x08001b88   0x00000016   Code   RO         1234    i.DMA_Cmd           stm32f4xx_dma.o
    0x08001b9e   0x08001b9e   0x00000002   PAD
    0x08001ba0   0x08001ba0   0x00000058   Code   RO         1246    i.DMA_Init          stm32f4xx_dma.o
    0x08001bf8   0x08001bf8   0x00000002   Code   RO         5371    i.DebugMon_Handler  stm32f4xx_it.o
    0x08001bfa   0x08001bfa   0x00000002   PAD
    0x08001bfc   0x08001bfc   0x00000060   Code   RO         5664    i.Disable_Driver    canopen.o
    0x08001c5c   0x08001c5c   0x0000002c   Code   RO         5764    i.Distance_History_Get  delay_feedback.o
    0x08001c88   0x08001c88   0x0000001c   Code   RO         5765    i.Distance_History_Update  delay_feedback.o
    0x08001ca4   0x08001ca4   0x000000d8   Code   RO         5824    i.Driver1_Encoder_Init  driver.o
    0x08001d7c   0x08001d7c   0x00000050   Code   RO         5825    i.Driver1_Init      driver.o
    0x08001dcc   0x08001dcc   0x000000d0   Code   RO         5826    i.Driver2_Encoder_Init  driver.o
    0x08001e9c   0x08001e9c   0x00000054   Code   RO         5827    i.Driver2_Init      driver.o
    0x08001ef0   0x08001ef0   0x0000000c   Code   RO         5829    i.Driver_Encoder_Start  driver.o
    0x08001efc   0x08001efc   0x0000047e   Code   RO         5830    i.Driver_Generate_Chirpwave  driver.o
    0x0800237a   0x0800237a   0x00000002   PAD
    0x0800237c   0x0800237c   0x000001f0   Code   RO         5831    i.Driver_Generate_Sinwave  driver.o
    0x0800256c   0x0800256c   0x000000cc   Code   RO         5832    i.Driver_Init       driver.o
    0x08002638   0x08002638   0x00000006   Code   RO         5833    i.Driver_Sinwave_Outout_Start  driver.o
    0x0800263e   0x0800263e   0x00000002   PAD
    0x08002640   0x08002640   0x000000c4   Code   RO         5835    i.Driver_Switch_CurrentVoltage  driver.o
    0x08002704   0x08002704   0x00000174   Code   RO         5836    i.Driver_Switch_Sinwave  driver.o
    0x08002878   0x08002878   0x00000078   Code   RO         5837    i.Driver_Switch_TargetDisplacement  driver.o
    0x080028f0   0x080028f0   0x0000003c   Code   RO         5838    i.Driver_TargetDisplacement_0  driver.o
    0x0800292c   0x0800292c   0x00000056   Code   RO         5839    i.Driver_Timer_Init  driver.o
    0x08002982   0x08002982   0x00000002   PAD
    0x08002984   0x08002984   0x00000240   Code   RO         5840    i.Driver_Voltage_Output  driver.o
    0x08002bc4   0x08002bc4   0x0000003c   Code   RO         5841    i.Driver_Voltage_Output_0  driver.o
    0x08002c00   0x08002c00   0x0000007c   Code   RO         5168    i.ENCODER_Task      main.o
    0x08002c7c   0x08002c7c   0x00000050   Code   RO         5372    i.EXTI0_IRQHandler  stm32f4xx_it.o
    0x08002ccc   0x08002ccc   0x00000050   Code   RO         5373    i.EXTI1_IRQHandler  stm32f4xx_it.o
    0x08002d1c   0x08002d1c   0x00000050   Code   RO         5374    i.EXTI4_IRQHandler  stm32f4xx_it.o
    0x08002d6c   0x08002d6c   0x0000018c   Code   RO         5375    i.EXTI9_5_IRQHandler  stm32f4xx_it.o
    0x08002ef8   0x08002ef8   0x0000000c   Code   RO         1521    i.EXTI_ClearITPendingBit  stm32f4xx_exti.o
    0x08002f04   0x08002f04   0x00000018   Code   RO         1525    i.EXTI_GetITStatus  stm32f4xx_exti.o
    0x08002f1c   0x08002f1c   0x00000094   Code   RO         1526    i.EXTI_Init         stm32f4xx_exti.o
    0x08002fb0   0x08002fb0   0x00000084   Code   RO         5665    i.Enable_Driver     canopen.o
    0x08003034   0x08003034   0x000000ec   Code   RO         5992    i.Encoder1_Init     encoder.o
    0x08003120   0x08003120   0x000000ec   Code   RO         5993    i.Encoder2_Init     encoder.o
    0x0800320c   0x0800320c   0x00000118   Code   RO         5994    i.Encoder_ADC_Init  encoder.o
    0x08003324   0x08003324   0x00000010   Code   RO         5995    i.Encoder_Init      encoder.o
    0x08003334   0x08003334   0x00000050   Code   RO         5169    i.FFT_ANALYSE_Task  main.o
    0x08003384   0x08003384   0x00000018   Code   RO         5170    i.FFT_ANALYSE_TimerCallback  main.o
    0x0800339c   0x0800339c   0x00000030   Code   RO         6478    i.FFT_Data_Update   signal_processing_fft.o
    0x080033cc   0x080033cc   0x00000054   Code   RO         6479    i.FFT_Init          signal_processing_fft.o
    0x08003420   0x08003420   0x00000028   Code   RO         6293    i.Filer             pid.o
    0x08003448   0x08003448   0x00000090   Code   RO         2034    i.GPIO_Init         stm32f4xx_gpio.o
    0x080034d8   0x080034d8   0x00000046   Code   RO         2035    i.GPIO_PinAFConfig  stm32f4xx_gpio.o
    0x0800351e   0x0800351e   0x00000012   Code   RO         2038    i.GPIO_ReadInputDataBit  stm32f4xx_gpio.o
    0x08003530   0x08003530   0x00000012   Code   RO         2040    i.GPIO_ReadOutputDataBit  stm32f4xx_gpio.o
    0x08003542   0x08003542   0x00000004   Code   RO         2041    i.GPIO_ResetBits    stm32f4xx_gpio.o
    0x08003546   0x08003546   0x00000004   Code   RO         2042    i.GPIO_SetBits      stm32f4xx_gpio.o
    0x0800354a   0x0800354a   0x0000000a   Code   RO         2046    i.GPIO_WriteBit     stm32f4xx_gpio.o
    0x08003554   0x08003554   0x00000068   Code   RO         5842    i.Get_Driver_Encoder_Value  driver.o
    0x080035bc   0x080035bc   0x00000058   Code   RO         5998    i.Get_Encoder_Value  encoder.o
    0x08003614   0x08003614   0x00000004   Code   RO         5376    i.HardFault_Handler  stm32f4xx_it.o
    0x08003618   0x08003618   0x00000014   Code   RO         6360    i.I2C_SDA_Read      soft_i2c.o
    0x0800362c   0x0800362c   0x00000024   Code   RO         6361    i.I2C_SDA_Write     soft_i2c.o
    0x08003650   0x08003650   0x0000005c   Code   RO         6362    i.I2C_Send_Byte     soft_i2c.o
    0x080036ac   0x080036ac   0x00000040   Code   RO         6363    i.I2C_Software_Init  soft_i2c.o
    0x080036ec   0x080036ec   0x00000048   Code   RO         6364    i.I2C_Start         soft_i2c.o
    0x08003734   0x08003734   0x00000048   Code   RO         6365    i.I2C_Stop          soft_i2c.o
    0x0800377c   0x0800377c   0x00000054   Code   RO         6366    i.I2C_Wait_Ack      soft_i2c.o
    0x080037d0   0x080037d0   0x0000000c   Code   RO         5377    i.Interrupt_Init    stm32f4xx_it.o
    0x080037dc   0x080037dc   0x000000dc   Code   RO         5171    i.KEY_Task          main.o
    0x080038b8   0x080038b8   0x00000094   Code   RO         6084    i.Key11_Function    key.o
    0x0800394c   0x0800394c   0x000002ec   Code   RO         6085    i.Key12_Function    key.o
    0x08003c38   0x08003c38   0x0000045c   Code   RO         6086    i.Key13_Function    key.o
    0x08004094   0x08004094   0x000001c0   Code   RO         6087    i.Key14_Function    key.o
    0x08004254   0x08004254   0x000007d8   Code   RO         6088    i.Key21_Function    key.o
    0x08004a2c   0x08004a2c   0x000007d8   Code   RO         6089    i.Key22_Function    key.o
    0x08005204   0x08005204   0x000007cc   Code   RO         6090    i.Key23_Function    key.o
    0x080059d0   0x080059d0   0x000007cc   Code   RO         6091    i.Key24_Function    key.o
    0x0800619c   0x0800619c   0x00000140   Code   RO         6092    i.Key_Init          key.o
    0x080062dc   0x080062dc   0x0000009c   Code   RO         6093    i.Key_Is_Pressed    key.o
    0x08006378   0x08006378   0x000000c0   Code   RO         5507    i.LED_Init          led.o
    0x08006438   0x08006438   0x00000118   Code   RO         5512    i.LED_OverTurn      led.o
    0x08006550   0x08006550   0x00000012   Code   RO         5172    i.LED_Task          main.o
    0x08006562   0x08006562   0x00000004   Code   RO         5378    i.MemManage_Handler  stm32f4xx_it.o
    0x08006566   0x08006566   0x00000002   Code   RO         5379    i.NMI_Handler       stm32f4xx_it.o
    0x08006568   0x08006568   0x00000078   Code   RO          155    i.NVIC_Init         misc.o
    0x080065e0   0x080065e0   0x00000014   Code   RO          156    i.NVIC_PriorityGroupConfig  misc.o
    0x080065f4   0x080065f4   0x0000002e   Code   RO         6190    i.OLED_CheckDevice  oled.o
    0x08006622   0x08006622   0x00000002   PAD
    0x08006624   0x08006624   0x00000034   Code   RO         6191    i.OLED_Data_Round   oled.o
    0x08006658   0x08006658   0x00000066   Code   RO         6192    i.OLED_Display_Video_Memory  oled.o
    0x080066be   0x080066be   0x00000002   PAD
    0x080066c0   0x080066c0   0x000000c8   Code   RO         6193    i.OLED_Init         oled.o
    0x08006788   0x08006788   0x00000024   Code   RO         6194    i.OLED_SetPos       oled.o
    0x080067ac   0x080067ac   0x00000064   Code   RO         6195    i.OLED_Show_Matrix  oled.o
    0x08006810   0x08006810   0x0000005e   Code   RO         6196    i.OLED_Show_Matrix_Pointer  oled.o
    0x0800686e   0x0800686e   0x00000002   PAD
    0x08006870   0x08006870   0x00000064   Code   RO         6197    i.OLED_Show_Number  oled.o
    0x080068d4   0x080068d4   0x00000054   Code   RO         5173    i.OLED_Task         main.o
    0x08006928   0x08006928   0x000003ec   Code   RO         6198    i.OLED_Update       oled.o
    0x08006d14   0x08006d14   0x00001016   Code   RO         6199    i.OLED_Update_Cursor  oled.o
    0x08007d2a   0x08007d2a   0x00000002   PAD
    0x08007d2c   0x08007d2c   0x000013a0   Code   RO         6200    i.OLED_Update_Data  oled.o
    0x080090cc   0x080090cc   0x0000002c   Code   RO         6201    i.OLED_WriteCmd     oled.o
    0x080090f8   0x080090f8   0x0000002c   Code   RO         6202    i.OLED_WriteData    oled.o
    0x08009124   0x08009124   0x00000020   Code   RO         6294    i.PID_Inc_Clear_Value  pid.o
    0x08009144   0x08009144   0x000000e0   Code   RO         6295    i.PID_Inctype_Calculate  pid.o
    0x08009224   0x08009224   0x0000017c   Code   RO         6296    i.PID_Init          pid.o
    0x080093a0   0x080093a0   0x00000018   Code   RO         6297    i.PID_Pos_Clear_Value  pid.o
    0x080093b8   0x080093b8   0x00000068   Code   RO         5666    i.Profile_Torque_Mode_Config  canopen.o
    0x08009420   0x08009420   0x00000020   Code   RO         2960    i.RCC_AHB1PeriphClockCmd  stm32f4xx_rcc.o
    0x08009440   0x08009440   0x00000020   Code   RO         2969    i.RCC_APB1PeriphClockCmd  stm32f4xx_rcc.o
    0x08009460   0x08009460   0x00000020   Code   RO         2972    i.RCC_APB2PeriphClockCmd  stm32f4xx_rcc.o
    0x08009480   0x08009480   0x000000e8   Code   RO         2981    i.RCC_GetClocksFreq  stm32f4xx_rcc.o
    0x08009568   0x08009568   0x0000006c   Code   RO         5667    i.Read_SDO          canopen.o
    0x080095d4   0x080095d4   0x00000076   Code   RO         5843    i.Return_to_AN_SIN_Mode  driver.o
    0x0800964a   0x0800964a   0x000000a6   Code   RO         5844    i.Return_to_Chirp_Mode  driver.o
    0x080096f0   0x080096f0   0x00000076   Code   RO         5845    i.Return_to_DIS_SIN_Mode  driver.o
    0x08009766   0x08009766   0x00000002   PAD
    0x08009768   0x08009768   0x00000040   Code   RO         5668    i.Run_NMT           canopen.o
    0x080097a8   0x080097a8   0x00000070   Code   RO         5380    i.SPI2_IRQHandler   stm32f4xx_it.o
    0x08009818   0x08009818   0x00000018   Code   RO         4118    i.SPI_Cmd           stm32f4xx_spi.o
    0x08009830   0x08009830   0x00000034   Code   RO         4127    i.SPI_I2S_GetITStatus  stm32f4xx_spi.o
    0x08009864   0x08009864   0x00000020   Code   RO         4128    i.SPI_I2S_ITConfig  stm32f4xx_spi.o
    0x08009884   0x08009884   0x00000006   Code   RO         4129    i.SPI_I2S_ReceiveData  stm32f4xx_spi.o
    0x0800988a   0x0800988a   0x00000004   Code   RO         4130    i.SPI_I2S_SendData  stm32f4xx_spi.o
    0x0800988e   0x0800988e   0x0000003c   Code   RO         4131    i.SPI_Init          stm32f4xx_spi.o
    0x080098ca   0x080098ca   0x0000000c   Code   RO         5174    i.SPI_Task          main.o
    0x080098d6   0x080098d6   0x00000002   PAD
    0x080098d8   0x080098d8   0x00000040   Code   RO         4283    i.SYSCFG_EXTILineConfig  stm32f4xx_syscfg.o
    0x08009918   0x08009918   0x000000ec   Code   RO           13    i.SetSysClock       system_stm32f4xx.o
    0x08009a04   0x08009a04   0x00000010   Code   RO         5381    i.SysTick_Handler   stm32f4xx_it.o
    0x08009a14   0x08009a14   0x00000068   Code   RO           15    i.SystemInit        system_stm32f4xx.o
    0x08009a7c   0x08009a7c   0x0000003a   Code   RO         4340    i.TI1_Config        stm32f4xx_tim.o
    0x08009ab6   0x08009ab6   0x00000050   Code   RO         4341    i.TI2_Config        stm32f4xx_tim.o
    0x08009b06   0x08009b06   0x00000048   Code   RO         4342    i.TI3_Config        stm32f4xx_tim.o
    0x08009b4e   0x08009b4e   0x00000050   Code   RO         4343    i.TI4_Config        stm32f4xx_tim.o
    0x08009b9e   0x08009b9e   0x00000002   PAD
    0x08009ba0   0x08009ba0   0x00001264   Code   RO         5382    i.TIM2_IRQHandler   stm32f4xx_it.o
    0x0800ae04   0x0800ae04   0x000000f8   Code   RO         5383    i.TIM7_IRQHandler   stm32f4xx_it.o
    0x0800aefc   0x0800aefc   0x00000006   Code   RO         4350    i.TIM_ClearFlag     stm32f4xx_tim.o
    0x0800af02   0x0800af02   0x00000006   Code   RO         4351    i.TIM_ClearITPendingBit  stm32f4xx_tim.o
    0x0800af08   0x0800af08   0x00000018   Code   RO         4356    i.TIM_Cmd           stm32f4xx_tim.o
    0x0800af20   0x0800af20   0x00000042   Code   RO         4365    i.TIM_EncoderInterfaceConfig  stm32f4xx_tim.o
    0x0800af62   0x0800af62   0x00000006   Code   RO         4375    i.TIM_GetCounter    stm32f4xx_tim.o
    0x0800af68   0x0800af68   0x00000012   Code   RO         4376    i.TIM_GetFlagStatus  stm32f4xx_tim.o
    0x0800af7a   0x0800af7a   0x00000022   Code   RO         4377    i.TIM_GetITStatus   stm32f4xx_tim.o
    0x0800af9c   0x0800af9c   0x0000006e   Code   RO         4379    i.TIM_ICInit        stm32f4xx_tim.o
    0x0800b00a   0x0800b00a   0x00000012   Code   RO         4380    i.TIM_ICStructInit  stm32f4xx_tim.o
    0x0800b01c   0x0800b01c   0x00000012   Code   RO         4381    i.TIM_ITConfig      stm32f4xx_tim.o
    0x0800b02e   0x0800b02e   0x00000012   Code   RO         4414    i.TIM_SelectOutputTrigger  stm32f4xx_tim.o
    0x0800b040   0x0800b040   0x00000004   Code   RO         4422    i.TIM_SetCounter    stm32f4xx_tim.o
    0x0800b044   0x0800b044   0x00000012   Code   RO         4423    i.TIM_SetIC1Prescaler  stm32f4xx_tim.o
    0x0800b056   0x0800b056   0x0000001a   Code   RO         4424    i.TIM_SetIC2Prescaler  stm32f4xx_tim.o
    0x0800b070   0x0800b070   0x00000012   Code   RO         4425    i.TIM_SetIC3Prescaler  stm32f4xx_tim.o
    0x0800b082   0x0800b082   0x0000001a   Code   RO         4426    i.TIM_SetIC4Prescaler  stm32f4xx_tim.o
    0x0800b09c   0x0800b09c   0x00000084   Code   RO         4428    i.TIM_TimeBaseInit  stm32f4xx_tim.o
    0x0800b120   0x0800b120   0x00000012   Code   RO         4429    i.TIM_TimeBaseStructInit  stm32f4xx_tim.o
    0x0800b132   0x0800b132   0x00000002   PAD
    0x0800b134   0x0800b134   0x0000006c   Code   RO         5669    i.Target_Torque_Set  canopen.o
    0x0800b1a0   0x0800b1a0   0x00000034   Code   RO         5175    i.UASRT_TX_TimerCallback  main.o
    0x0800b1d4   0x0800b1d4   0x00000078   Code   RO         5384    i.USART2_IRQHandler  stm32f4xx_it.o
    0x0800b24c   0x0800b24c   0x00000018   Code   RO         4910    i.USART_Cmd         stm32f4xx_usart.o
    0x0800b264   0x0800b264   0x0000001a   Code   RO         4913    i.USART_GetFlagStatus  stm32f4xx_usart.o
    0x0800b27e   0x0800b27e   0x00000054   Code   RO         4914    i.USART_GetITStatus  stm32f4xx_usart.o
    0x0800b2d2   0x0800b2d2   0x0000004a   Code   RO         4916    i.USART_ITConfig    stm32f4xx_usart.o
    0x0800b31c   0x0800b31c   0x000000d4   Code   RO         4917    i.USART_Init        stm32f4xx_usart.o
    0x0800b3f0   0x0800b3f0   0x000000c0   Code   RO         5176    i.USART_RX_Task     main.o
    0x0800b4b0   0x0800b4b0   0x0000000a   Code   RO         4924    i.USART_ReceiveData  stm32f4xx_usart.o
    0x0800b4ba   0x0800b4ba   0x00000008   Code   RO         4927    i.USART_SendData    stm32f4xx_usart.o
    0x0800b4c2   0x0800b4c2   0x00000002   PAD
    0x0800b4c4   0x0800b4c4   0x000000b8   Code   RO         5177    i.USART_TX_Task     main.o
    0x0800b57c   0x0800b57c   0x0000007e   Code   RO         5846    i.Update_Chairp_data  driver.o
    0x0800b5fa   0x0800b5fa   0x00000004   Code   RO         5385    i.UsageFault_Handler  stm32f4xx_it.o
    0x0800b5fe   0x0800b5fe   0x00000002   PAD
    0x0800b600   0x0800b600   0x000000c0   Code   RO         5609    i.Usart_Init        usart.o
    0x0800b6c0   0x0800b6c0   0x0000001e   Code   RO         5610    i.Usart_SendByte    usart.o
    0x0800b6de   0x0800b6de   0x00000002   PAD
    0x0800b6e0   0x0800b6e0   0x0000012c   Code   RO         6433    i.Vibration_System_Init  vibration_system.o
    0x0800b80c   0x0800b80c   0x00000064   Code   RO         5670    i.Write_RPDO1       canopen.o
    0x0800b870   0x0800b870   0x00000064   Code   RO         5671    i.Write_RPDO2       canopen.o
    0x0800b8d4   0x0800b8d4   0x000000b0   Code   RO         5672    i.Write_SDO         canopen.o
    0x0800b984   0x0800b984   0x00000020   Code   RO         8135    i.__0printf         mc_w.l(printfa.o)
    0x0800b9a4   0x0800b9a4   0x0000000e   Code   RO         8247    i.__scatterload_copy  mc_w.l(handlers.o)
    0x0800b9b2   0x0800b9b2   0x00000002   Code   RO         8248    i.__scatterload_null  mc_w.l(handlers.o)
    0x0800b9b4   0x0800b9b4   0x0000000e   Code   RO         8249    i.__scatterload_zeroinit  mc_w.l(handlers.o)
    0x0800b9c2   0x0800b9c2   0x00000002   PAD
    0x0800b9c4   0x0800b9c4   0x00000184   Code   RO         8142    i._fp_digits        mc_w.l(printfa.o)
    0x0800bb48   0x0800bb48   0x000006dc   Code   RO         8143    i._printf_core      mc_w.l(printfa.o)
    0x0800c224   0x0800c224   0x00000024   Code   RO         8144    i._printf_post_padding  mc_w.l(printfa.o)
    0x0800c248   0x0800c248   0x0000002e   Code   RO         8145    i._printf_pre_padding  mc_w.l(printfa.o)
    0x0800c276   0x0800c276   0x000000f0   Code   RO         7716    i.arm_cfft_f32      arm_cfft_f32.o
    0x0800c366   0x0800c366   0x0000030a   Code   RO         7717    i.arm_cfft_radix8by2_f32  arm_cfft_f32.o
    0x0800c670   0x0800c670   0x000007b2   Code   RO         7718    i.arm_cfft_radix8by4_f32  arm_cfft_f32.o
    0x0800ce22   0x0800ce22   0x000000e0   Code   RO         7816    i.arm_cmplx_mag_f32  arm_cmplx_mag_f32.o
    0x0800cf02   0x0800cf02   0x000000ae   Code   RO         7848    i.arm_max_f32       arm_max_f32.o
    0x0800cfb0   0x0800cfb0   0x00000b08   Code   RO         7788    i.arm_radix8_butterfly_f32  arm_cfft_radix8_f32.o
    0x0800dab8   0x0800dab8   0x0000004c   Code   RO         7680    i.arm_rfft_fast_f32  arm_rfft_fast_f32.o
    0x0800db04   0x0800db04   0x00000148   Code   RO         7872    i.arm_rfft_fast_init_f32  arm_rfft_fast_init_f32.o
    0x0800dc4c   0x0800dc4c   0x0000008c   Code   RO         7656    i.arm_sin_f32       arm_sin_f32.o
    0x0800dcd8   0x0800dcd8   0x0000002c   Code   RO         7817    i.arm_sqrt_f32      arm_cmplx_mag_f32.o
    0x0800dd04   0x0800dd04   0x0000001c   Code   RO         5567    i.delay_1us         delay.o
    0x0800dd20   0x0800dd20   0x0000002c   Code   RO         5568    i.delay_init        delay.o
    0x0800dd4c   0x0800dd4c   0x0000001a   Code   RO         5569    i.delay_ms          delay.o
    0x0800dd66   0x0800dd66   0x00000016   Code   RO         5570    i.delay_us          delay.o
    0x0800dd7c   0x0800dd7c   0x00000024   Code   RO         5613    i.fputc             usart.o
    0x0800dda0   0x0800dda0   0x00000044   Code   RO         5178    i.main              main.o
    0x0800dde4   0x0800dde4   0x0000006c   Code   RO         8164    i.malloc            mc_w.l(malloc.o)
    0x0800de50   0x0800de50   0x000000bc   Code   RO         7681    i.merge_rfft_f32    arm_rfft_fast_f32.o
    0x0800df0c   0x0800df0c   0x00000098   Code   RO         6894    i.prvAddCurrentTaskToDelayedList  tasks.o
    0x0800dfa4   0x0800dfa4   0x000000b4   Code   RO         6895    i.prvAddNewTaskToReadyList  tasks.o
    0x0800e058   0x0800e058   0x00000064   Code   RO         7201    i.prvCheckForValidListAndQueue  timers.o
    0x0800e0bc   0x0800e0bc   0x00000064   Code   RO         6896    i.prvCheckTasksWaitingTermination  tasks.o
    0x0800e120   0x0800e120   0x0000002a   Code   RO         6730    i.prvCopyDataFromQueue  queue.o
    0x0800e14a   0x0800e14a   0x0000006a   Code   RO         6731    i.prvCopyDataToQueue  queue.o
    0x0800e1b4   0x0800e1b4   0x00000012   Code   RO         6897    i.prvDeleteTCB      tasks.o
    0x0800e1c6   0x0800e1c6   0x00000002   PAD
    0x0800e1c8   0x0800e1c8   0x00000028   Code   RO         7202    i.prvGetNextExpireTime  timers.o
    0x0800e1f0   0x0800e1f0   0x0000007c   Code   RO         7347    i.prvHeapInit       heap_4.o
    0x0800e26c   0x0800e26c   0x00000028   Code   RO         6898    i.prvIdleTask       tasks.o
    0x0800e294   0x0800e294   0x00000026   Code   RO         6732    i.prvInitialiseNewQueue  queue.o
    0x0800e2ba   0x0800e2ba   0x00000002   PAD
    0x0800e2bc   0x0800e2bc   0x000000c4   Code   RO         6899    i.prvInitialiseNewTask  tasks.o
    0x0800e380   0x0800e380   0x00000070   Code   RO         7203    i.prvInitialiseNewTimer  timers.o
    0x0800e3f0   0x0800e3f0   0x00000068   Code   RO         6900    i.prvInitialiseTaskLists  tasks.o
    0x0800e458   0x0800e458   0x00000068   Code   RO         7348    i.prvInsertBlockIntoFreeList  heap_4.o
    0x0800e4c0   0x0800e4c0   0x00000058   Code   RO         7204    i.prvInsertTimerInActiveList  timers.o
    0x0800e518   0x0800e518   0x0000001a   Code   RO         6733    i.prvIsQueueEmpty   queue.o
    0x0800e532   0x0800e532   0x0000001e   Code   RO         6734    i.prvIsQueueFull    queue.o
    0x0800e550   0x0800e550   0x00000084   Code   RO         7205    i.prvProcessExpiredTimer  timers.o
    0x0800e5d4   0x0800e5d4   0x00000130   Code   RO         7206    i.prvProcessReceivedCommands  timers.o
    0x0800e704   0x0800e704   0x00000074   Code   RO         7207    i.prvProcessTimerOrBlockTask  timers.o
    0x0800e778   0x0800e778   0x00000034   Code   RO         6901    i.prvResetNextTaskUnblockTime  tasks.o
    0x0800e7ac   0x0800e7ac   0x0000002c   Code   RO         7208    i.prvSampleTimeNow  timers.o
    0x0800e7d8   0x0800e7d8   0x000000c0   Code   RO         7209    i.prvSwitchTimerLists  timers.o
    0x0800e898   0x0800e898   0x00000070   Code   RO         7413    i.prvTaskExitError  port.o
    0x0800e908   0x0800e908   0x0000001e   Code   RO         6575    i.prvTestWaitCondition  event_groups.o
    0x0800e926   0x0800e926   0x0000001a   Code   RO         7210    i.prvTimerTask      timers.o
    0x0800e940   0x0800e940   0x0000007e   Code   RO         6735    i.prvUnlockQueue    queue.o
    0x0800e9be   0x0800e9be   0x00000002   PAD
    0x0800e9c0   0x0800e9c0   0x00000150   Code   RO         7349    i.pvPortMalloc      heap_4.o
    0x0800eb10   0x0800eb10   0x0000002c   Code   RO         7414    i.pxPortInitialiseStack  port.o
    0x0800eb3c   0x0800eb3c   0x000000e4   Code   RO         6526    i.spi_Init          spi.o
    0x0800ec20   0x0800ec20   0x00000102   Code   RO         7682    i.stage_rfft_f32    arm_rfft_fast_f32.o
    0x0800ed22   0x0800ed22   0x00000002   PAD
    0x0800ed24   0x0800ed24   0x00000074   Code   RO         6903    i.ulTaskNotifyTake  tasks.o
    0x0800ed98   0x0800ed98   0x00000028   Code   RO         6677    i.uxListRemove      list.o
    0x0800edc0   0x0800edc0   0x0000001c   Code   RO         6907    i.uxTaskResetEventItemValue  tasks.o
    0x0800eddc   0x0800eddc   0x00000010   Code   RO         6578    i.vEventGroupSetBitsCallback  event_groups.o
    0x0800edec   0x0800edec   0x0000001a   Code   RO         6678    i.vListInitialise   list.o
    0x0800ee06   0x0800ee06   0x00000006   Code   RO         6679    i.vListInitialiseItem  list.o
    0x0800ee0c   0x0800ee0c   0x00000034   Code   RO         6680    i.vListInsert       list.o
    0x0800ee40   0x0800ee40   0x00000018   Code   RO         6681    i.vListInsertEnd    list.o
    0x0800ee58   0x0800ee58   0x00000084   Code   RO         7416    i.vPortEnterCritical  port.o
    0x0800eedc   0x0800eedc   0x0000006c   Code   RO         7417    i.vPortExitCritical  port.o
    0x0800ef48   0x0800ef48   0x000000b4   Code   RO         7350    i.vPortFree         heap_4.o
    0x0800effc   0x0800effc   0x00000020   Code   RO         7418    i.vPortSetupTimerInterrupt  port.o
    0x0800f01c   0x0800f01c   0x0000009c   Code   RO         7419    i.vPortValidateInterruptPriority  port.o
    0x0800f0b8   0x0800f0b8   0x0000002c   Code   RO         6739    i.vQueueAddToRegistry  queue.o
    0x0800f0e4   0x0800f0e4   0x0000004a   Code   RO         6742    i.vQueueWaitForMessageRestricted  queue.o
    0x0800f12e   0x0800f12e   0x00000002   PAD
    0x0800f130   0x0800f130   0x00000078   Code   RO         6908    i.vTaskDelay        tasks.o
    0x0800f1a8   0x0800f1a8   0x00000110   Code   RO         6910    i.vTaskDelete       tasks.o
    0x0800f2b8   0x0800f2b8   0x0000000c   Code   RO         6912    i.vTaskMissedYield  tasks.o
    0x0800f2c4   0x0800f2c4   0x00000058   Code   RO         6914    i.vTaskPlaceOnEventList  tasks.o
    0x0800f31c   0x0800f31c   0x00000060   Code   RO         6915    i.vTaskPlaceOnEventListRestricted  tasks.o
    0x0800f37c   0x0800f37c   0x00000080   Code   RO         6916    i.vTaskPlaceOnUnorderedEventList  tasks.o
    0x0800f3fc   0x0800f3fc   0x00000050   Code   RO         6919    i.vTaskSetTimeOutState  tasks.o
    0x0800f44c   0x0800f44c   0x000000b0   Code   RO         6920    i.vTaskStartScheduler  tasks.o
    0x0800f4fc   0x0800f4fc   0x00000010   Code   RO         6922    i.vTaskSuspendAll   tasks.o
    0x0800f50c   0x0800f50c   0x000000ac   Code   RO         6923    i.vTaskSwitchContext  tasks.o
    0x0800f5b8   0x0800f5b8   0x0000001a   Code   RO         6580    i.xEventGroupCreate  event_groups.o
    0x0800f5d2   0x0800f5d2   0x00000002   PAD
    0x0800f5d4   0x0800f5d4   0x000000ec   Code   RO         6582    i.xEventGroupSetBits  event_groups.o
    0x0800f6c0   0x0800f6c0   0x0000015c   Code   RO         6584    i.xEventGroupWaitBits  event_groups.o
    0x0800f81c   0x0800f81c   0x00000158   Code   RO         7420    i.xPortStartScheduler  port.o
    0x0800f974   0x0800f974   0x00000034   Code   RO         7421    i.xPortSysTickHandler  port.o
    0x0800f9a8   0x0800f9a8   0x00000078   Code   RO         6743    i.xQueueGenericCreate  queue.o
    0x0800fa20   0x0800fa20   0x000001b0   Code   RO         6744    i.xQueueGenericReceive  queue.o
    0x0800fbd0   0x0800fbd0   0x000000b4   Code   RO         6745    i.xQueueGenericReset  queue.o
    0x0800fc84   0x0800fc84   0x000001a8   Code   RO         6746    i.xQueueGenericSend  queue.o
    0x0800fe2c   0x0800fe2c   0x00000104   Code   RO         6747    i.xQueueGenericSendFromISR  queue.o
    0x0800ff30   0x0800ff30   0x000000a4   Code   RO         6924    i.xTaskCheckForTimeOut  tasks.o
    0x0800ffd4   0x0800ffd4   0x00000060   Code   RO         6925    i.xTaskCreate       tasks.o
    0x08010034   0x08010034   0x00000118   Code   RO         6926    i.xTaskGenericNotify  tasks.o
    0x0801014c   0x0801014c   0x00000158   Code   RO         6927    i.xTaskGenericNotifyFromISR  tasks.o
    0x080102a4   0x080102a4   0x00000020   Code   RO         6928    i.xTaskGetSchedulerState  tasks.o
    0x080102c4   0x080102c4   0x0000000c   Code   RO         6929    i.xTaskGetTickCount  tasks.o
    0x080102d0   0x080102d0   0x00000164   Code   RO         6931    i.xTaskIncrementTick  tasks.o
    0x08010434   0x08010434   0x000000b8   Code   RO         6934    i.xTaskRemoveFromEventList  tasks.o
    0x080104ec   0x080104ec   0x000000c4   Code   RO         6935    i.xTaskRemoveFromUnorderedEventList  tasks.o
    0x080105b0   0x080105b0   0x00000124   Code   RO         6936    i.xTaskResumeAll    tasks.o
    0x080106d4   0x080106d4   0x00000030   Code   RO         7213    i.xTimerCreate      timers.o
    0x08010704   0x08010704   0x00000078   Code   RO         7214    i.xTimerCreateTimerTask  timers.o
    0x0801077c   0x0801077c   0x000000a8   Code   RO         7215    i.xTimerGenericCommand  timers.o
    0x08010824   0x08010824   0x00000034   Code   RO         7221    i.xTimerPendFunctionCallFromISR  timers.o
    0x08010858   0x08010858   0x00000194   Data   RO         5848    .constdata          driver.o
    0x080109ec   0x080109ec   0x00008e30   Data   RO         6059    .constdata          font.o
    0x0801981c   0x0801981c   0x00034eca   Data   RO         7532    .constdata          arm_common_tables.o
    0x0804e6e6   0x0804e6e6   0x00000002   PAD
    0x0804e6e8   0x0804e6e8   0x00000020   Data   RO         8245    Region$$Table       anon$$obj.o


    Execution Region RW_IRAM1 (Exec base: 0x20000000, Load base: 0x0804e708, Size: 0x0001f460, Max: 0x00020000, ABSOLUTE, COMPRESSED[0x00000078])

    Exec Addr    Load Addr    Size         Type   Attr      Idx    E Section Name        Object

    0x20000000   COMPRESSED   0x00000014   Data   RW           16    .data               system_stm32f4xx.o
    0x20000014   COMPRESSED   0x00000010   Data   RW         3013    .data               stm32f4xx_rcc.o
    0x20000024   COMPRESSED   0x0000004e   Data   RW         5179    .data               main.o
    0x20000072   COMPRESSED   0x00000002   PAD
    0x20000074   COMPRESSED   0x00000030   Data   RW         5387    .data               stm32f4xx_it.o
    0x200000a4   COMPRESSED   0x00000001   Data   RW         5674    .data               canopen.o
    0x200000a5   COMPRESSED   0x00000003   PAD
    0x200000a8   COMPRESSED   0x00000028   Data   RW         5767    .data               delay_feedback.o
    0x200000d0   COMPRESSED   0x000000c0   Data   RW         5849    .data               driver.o
    0x20000190   COMPRESSED   0x00000018   Data   RW         5999    .data               encoder.o
    0x200001a8   COMPRESSED   0x00000020   Data   RW         6060    .data               font.o
    0x200001c8   COMPRESSED   0x0000001c   Data   RW         6094    .data               key.o
    0x200001e4   COMPRESSED   0x00000001   Data   RW         6203    .data               oled.o
    0x200001e5   COMPRESSED   0x00000003   PAD
    0x200001e8   COMPRESSED   0x0000000c   Data   RW         6480    .data               signal_processing_fft.o
    0x200001f4   COMPRESSED   0x0000003c   Data   RW         6939    .data               tasks.o
    0x20000230   COMPRESSED   0x00000014   Data   RW         7223    .data               timers.o
    0x20000244   COMPRESSED   0x00000018   Data   RW         7355    .data               heap_4.o
    0x2000025c   COMPRESSED   0x0000000c   Data   RW         7422    .data               port.o
    0x20000268   COMPRESSED   0x00000004   Data   RW         8223    .data               mc_w.l(stdout.o)
    0x2000026c   COMPRESSED   0x00000004   Data   RW         8232    .data               mc_w.l(mvars.o)
    0x20000270   COMPRESSED   0x00000004   Data   RW         8233    .data               mc_w.l(mvars.o)
    0x20000274        -       0x00000010   Zero   RW         5386    .bss                stm32f4xx_it.o
    0x20000284        -       0x00000009   Zero   RW         5673    .bss                canopen.o
    0x2000028d   COMPRESSED   0x00000001   PAD
    0x2000028e        -       0x00000fa0   Zero   RW         5766    .bss                delay_feedback.o
    0x2000122e   COMPRESSED   0x00000002   PAD
    0x20001230        -       0x0000fa20   Zero   RW         5847    .bss                driver.o
    0x20010c50        -       0x000000b0   Zero   RW         6300    .bss                pid.o
    0x20010d00        -       0x00000050   Zero   RW         6753    .bss                queue.o
    0x20010d50        -       0x000002e4   Zero   RW         6938    .bss                tasks.o
    0x20011034        -       0x00000028   Zero   RW         7222    .bss                timers.o
    0x2001105c        -       0x00009000   Zero   RW         7354    .bss                heap_4.o
    0x2001a05c   COMPRESSED   0x00000004   PAD
    0x2001a060        -       0x00005000   Zero   RW            2    HEAP                startup_stm32f40xx.o
    0x2001f060        -       0x00000400   Zero   RW            1    STACK               startup_stm32f40xx.o


==============================================================================

Image component sizes


      Code (inc. data)   RO Data    RW Data    ZI Data      Debug   Object Name

       192          0          0          0          0        560   arm_bitreversal2.o
      2988          0          0          0          0       4789   arm_cfft_f32.o
      2824          8          0          0          0       3331   arm_cfft_radix8_f32.o
       268          6          0          0          0      14804   arm_cmplx_mag_f32.o
         0          0     216778          0          0       4836   arm_common_tables.o
       174          0          0          0          0       1410   arm_max_f32.o
       522          0          0          0          0       3342   arm_rfft_fast_f32.o
       328         96          0          0          0       1417   arm_rfft_fast_init_f32.o
       140         12          0          0          0        762   arm_sin_f32.o
      1420         80          0          1          9      10145   canopen.o
       120         10          0          0          0       2251   delay.o
       264         26          0         40       4000       6433   delay_feedback.o
      4926        276        404        192      64032      21114   driver.o
       924         78          0         24          0       6770   encoder.o
       656        104          0          0          0      13940   event_groups.o
         0          0      36400         32          0       3749   font.o
       744        168          0         24      36864       4091   heap_4.o
     10944        370          0         28          0      19555   key.o
       472         34          0          0          0       1282   led.o
       148          0          0          0          0       3434   list.o
      2158        518          0         78          0      48917   main.o
       140         24          0          0          0       1895   misc.o
     10964        362          0          1          0      16914   oled.o
       700         44          0          0        176       4641   pid.o
      1162        376          0         12          0      11001   port.o
      1902        224          0          0         80      12769   queue.o
       308         40          0         12          0       3679   signal_processing_fft.o
       440         38          0          0          0       3910   soft_i2c.o
       228         10          0          0          0        715   spi.o
        36          8        392          0      21504        916   startup_stm32f40xx.o
       360         24          0          0          0       4930   stm32f4xx_adc.o
      1398         10          0          0          0       6470   stm32f4xx_can.o
       156         24          0          0          0       3549   stm32f4xx_dac.o
       110          6          0          0          0       2717   stm32f4xx_dma.o
       184         16          0          0          0       2520   stm32f4xx_exti.o
       268          0          0          0          0       5468   stm32f4xx_gpio.o
      6024        364          0         48         16      14071   stm32f4xx_it.o
       328         36          0         16          0       5187   stm32f4xx_rcc.o
       178          0          0          0          0       4943   stm32f4xx_spi.o
        64          4          0          0          0        720   stm32f4xx_syscfg.o
       856         28          0          0          0      16132   stm32f4xx_tim.o
       438          8          0          0          0       6169   stm32f4xx_usart.o
       340         32          0         20          0     343893   system_stm32f4xx.o
      4102       1120          0         60        740      33059   tasks.o
      1542        380          0         20         40      11710   timers.o
       258         14          0          0          0       3594   usart.o
       300         48          0          0          0        688   vibration_system.o

    ----------------------------------------------------------------------
     63048       5026     254008        616     127468     699192   Object Totals
         0          0         32          0          0          0   (incl. Generated)
        50          0          2          8          7          0   (incl. Padding)

    ----------------------------------------------------------------------

      Code (inc. data)   RO Data    RW Data    ZI Data      Debug   Library Member Name

        86          0          0          0          0          0   __dczerorl2.o
         0          0          0          0          0          0   entry.o
         0          0          0          0          0          0   entry10a.o
         0          0          0          0          0          0   entry11a.o
         8          4          0          0          0          0   entry2.o
         4          0          0          0          0          0   entry5.o
         0          0          0          0          0          0   entry7b.o
         0          0          0          0          0          0   entry8b.o
         8          4          0          0          0          0   entry9a.o
        30          0          0          0          0          0   handlers.o
        36          8          0          0          0         68   init.o
         0          0          0          0          0          0   iusefp.o
        30          0          0          0          0         68   llshl.o
        36          0          0          0          0         68   llsshr.o
        32          0          0          0          0         68   llushr.o
       108         16          0          0          0         84   malloc.o
        36          0          0          0          0         68   memcpya.o
        36          0          0          0          0        108   memseta.o
         0          0          0          8          0          0   mvars.o
      2258         90          0          0          0        452   printfa.o
         0          0          0          4          0          0   stdout.o
        44          0          0          0          0         80   uidiv.o
        98          0          0          0          0         92   uldiv.o
        48          0          0          0          0         68   cdcmple.o
        48          0          0          0          0         68   cdrcmple.o
        56          0          0          0          0         88   d2f.o
       334          0          0          0          0        148   dadd.o
       222          0          0          0          0        100   ddiv.o
       186          0          0          0          0        176   depilogue.o
        48          0          0          0          0         68   dfixul.o
        34          0          0          0          0         76   dflti.o
        26          0          0          0          0         76   dfltui.o
       228          0          0          0          0         96   dmul.o
        38          0          0          0          0         68   f2d.o
       110          0          0          0          0        168   fepilogue.o

    ----------------------------------------------------------------------
      4232        122          0         12          0       2356   Library Totals
         4          0          0          0          0          0   (incl. Padding)

    ----------------------------------------------------------------------

      Code (inc. data)   RO Data    RW Data    ZI Data      Debug   Library Name

      2850        122          0         12          0       1156   mc_w.l
      1378          0          0          0          0       1200   mf_w.l

    ----------------------------------------------------------------------
      4232        122          0         12          0       2356   Library Totals

    ----------------------------------------------------------------------

==============================================================================


      Code (inc. data)   RO Data    RW Data    ZI Data      Debug   

     67280       5148     254008        628     127468     672736   Grand Totals
     67280       5148     254008        120     127468     672736   ELF Image Totals (compressed)
     67280       5148     254008        120          0          0   ROM Totals

==============================================================================

    Total RO  Size (Code + RO Data)               321288 ( 313.76kB)
    Total RW  Size (RW Data + ZI Data)            128096 ( 125.09kB)
    Total ROM Size (Code + RO Data + RW Data)     321408 ( 313.88kB)

==============================================================================

